    Finished `release` profile [optimized] target(s) in 0.17s
     Running `spikes/render-latency/target/release/render-latency`
scholium 预览延迟链测量

版本组：typst 0.15.1 / typst-kit / typst-layout / typst-render（与主 workspace 同锁）
平台：Arch Linux · 20 逻辑核

=== 8 段 ===
  冷启动首编（含字体扫描）：      17 ms
    页面位图 1191×1684 px（201 万像素）
    页面位图 1191×1684 px（201 万像素）
    页面位图 1191×1684 px（201 万像素）
  冷态后光栅基线            p50     1.8 ms · p95     6.2 ms · max     6.2 ms
    页面位图 1191×1684 px（201 万像素）
    页面位图 1191×1684 px（201 万像素）
    页面位图 1191×1684 px（201 万像素）
    页面位图 1191×1684 px（201 万像素）
    页面位图 1191×1684 px（201 万像素）
    页面位图 1191×1684 px（201 万像素）
    页面位图 1191×1684 px（201 万像素）
    页面位图 1191×1684 px（201 万像素）
    页面位图 1191×1684 px（201 万像素）
    页面位图 1191×1684 px（201 万像素）
  geometry cells: 1 页 ·    282 cells
  热态编译段              p50     2.0 ms · p95     2.0 ms · max     2.0 ms
  热态整页光栅段            p50     1.8 ms · p95     2.2 ms · max     2.2 ms
  击键→字形可见（编译+光栅）     p50     3.8 ms · p95     4.2 ms · max     4.2 ms

=== 64 段 ===
  冷启动首编（含字体扫描）：      34 ms
    页面位图 1191×1684 px（201 万像素）
    页面位图 1191×1684 px（201 万像素）
    页面位图 1191×1684 px（201 万像素）
  冷态后光栅基线            p50     3.1 ms · p95     7.6 ms · max     7.6 ms
    页面位图 1191×1684 px（201 万像素）
    页面位图 1191×1684 px（201 万像素）
    页面位图 1191×1684 px（201 万像素）
    页面位图 1191×1684 px（201 万像素）
    页面位图 1191×1684 px（201 万像素）
    页面位图 1191×1684 px（201 万像素）
    页面位图 1191×1684 px（201 万像素）
    页面位图 1191×1684 px（201 万像素）
    页面位图 1191×1684 px（201 万像素）
    页面位图 1191×1684 px（201 万像素）
  geometry cells: 3 页 ·   2240 cells
  热态编译段              p50    15.0 ms · p95    21.0 ms · max    21.0 ms
  热态整页光栅段            p50     2.4 ms · p95     4.3 ms · max     4.3 ms
  击键→字形可见（编译+光栅）     p50    18.3 ms · p95    23.4 ms · max    23.4 ms

=== 256 段 ===
  冷启动首编（含字体扫描）：     201 ms
    页面位图 1191×1684 px（201 万像素）
    页面位图 1191×1684 px（201 万像素）
    页面位图 1191×1684 px（201 万像素）
  冷态后光栅基线            p50     2.7 ms · p95     2.7 ms · max     2.7 ms
    页面位图 1191×1684 px（201 万像素）
    页面位图 1191×1684 px（201 万像素）
    页面位图 1191×1684 px（201 万像素）
    页面位图 1191×1684 px（201 万像素）
    页面位图 1191×1684 px（201 万像素）
    页面位图 1191×1684 px（201 万像素）
    页面位图 1191×1684 px（201 万像素）
    页面位图 1191×1684 px（201 万像素）
    页面位图 1191×1684 px（201 万像素）
    页面位图 1191×1684 px（201 万像素）
  geometry cells: 9 页 ·   9116 cells
  热态编译段              p50   169.0 ms · p95   182.0 ms · max   182.0 ms
  热态整页光栅段            p50     4.5 ms · p95     6.8 ms · max     6.8 ms
  击键→字形可见（编译+光栅）     p50   173.8 ms · p95   188.8 ms · max   188.8 ms

