scholium 预览延迟链测量

版本组：typst 0.15.1 / typst-kit / typst-layout / typst-render（与主 workspace 同锁）
平台：Arch Linux · 20 逻辑核

=== 8 段 ===
  冷启动首编（含字体扫描）：     151 ms
    页面位图 1191×1684 px（201 万像素）
    页面位图 1191×1684 px（201 万像素）
    页面位图 1191×1684 px（201 万像素）
  冷态后光栅基线            p50    14.0 ms · p95    21.8 ms · max    21.8 ms
    页面位图 1191×1684 px（201 万像素）
    页面位图 1191×1684 px（201 万像素）
    页面位图 1191×1684 px（201 万像素）
    页面位图 1191×1684 px（201 万像素）
    页面位图 1191×1684 px（201 万像素）
    页面位图 1191×1684 px（201 万像素）
    页面位图 1191×1684 px（201 万像素）
    页面位图 1191×1684 px（201 万像素）
    页面位图 1191×1684 px（201 万像素）
    页面位图 1191×1684 px（201 万像素）
  geometry cells: 1 页 ·    282 cells
  热态编译段              p50    13.0 ms · p95    16.0 ms · max    16.0 ms
  热态整页光栅段            p50    14.2 ms · p95    14.4 ms · max    14.4 ms
  击键→字形可见（编译+光栅）     p50    27.2 ms · p95    30.4 ms · max    30.4 ms

=== 64 段 ===
  冷启动首编（含字体扫描）：     389 ms
    页面位图 1191×1684 px（201 万像素）
    页面位图 1191×1684 px（201 万像素）
    页面位图 1191×1684 px（201 万像素）
  冷态后光栅基线            p50    24.5 ms · p95    45.6 ms · max    45.6 ms
    页面位图 1191×1684 px（201 万像素）
    页面位图 1191×1684 px（201 万像素）
    页面位图 1191×1684 px（201 万像素）
    页面位图 1191×1684 px（201 万像素）
    页面位图 1191×1684 px（201 万像素）
    页面位图 1191×1684 px（201 万像素）
    页面位图 1191×1684 px（201 万像素）
    页面位图 1191×1684 px（201 万像素）
    页面位图 1191×1684 px（201 万像素）
    页面位图 1191×1684 px（201 万像素）
  geometry cells: 3 页 ·   2240 cells
  热态编译段              p50   127.0 ms · p95   142.0 ms · max   142.0 ms
  热态整页光栅段            p50    23.5 ms · p95    23.8 ms · max    23.8 ms
  击键→字形可见（编译+光栅）     p50   150.8 ms · p95   165.6 ms · max   165.6 ms

=== 256 段 ===
  冷启动首编（含字体扫描）：    2053 ms
    页面位图 1191×1684 px（201 万像素）
    页面位图 1191×1684 px（201 万像素）
    页面位图 1191×1684 px（201 万像素）
  冷态后光栅基线            p50    24.1 ms · p95    24.3 ms · max    24.3 ms
    页面位图 1191×1684 px（201 万像素）
    页面位图 1191×1684 px（201 万像素）
    页面位图 1191×1684 px（201 万像素）
    页面位图 1191×1684 px（201 万像素）
    页面位图 1191×1684 px（201 万像素）
    页面位图 1191×1684 px（201 万像素）
    页面位图 1191×1684 px（201 万像素）
    页面位图 1191×1684 px（201 万像素）
    页面位图 1191×1684 px（201 万像素）
    页面位图 1191×1684 px（201 万像素）
  geometry cells: 9 页 ·   9116 cells
  热态编译段              p50  1341.0 ms · p95  1344.0 ms · max  1344.0 ms
  热态整页光栅段            p50    24.3 ms · p95    25.0 ms · max    25.0 ms
  击键→字形可见（编译+光栅）     p50  1365.0 ms · p95  1369.0 ms · max  1369.0 ms

