=== 8 段 ===
  冷启动首编（含字体扫描）：     150 ms
  冷态后光栅基线            p50    14.1 ms · p95    22.7 ms · max    22.7 ms
  geometry cells: 1 页 ·    282 cells
  热态编译段              p50    14.0 ms · p95    25.0 ms · max    25.0 ms
  热态整页光栅段            p50    14.2 ms · p95    14.4 ms · max    14.4 ms
  击键→字形可见（编译+光栅）     p50    28.3 ms · p95    39.2 ms · max    39.2 ms
=== 64 段 ===
  冷启动首编（含字体扫描）：     389 ms
  冷态后光栅基线            p50    24.0 ms · p95    45.6 ms · max    45.6 ms
  geometry cells: 3 页 ·   2240 cells
  热态编译段              p50   127.0 ms · p95   129.0 ms · max   129.0 ms
  热态整页光栅段            p50    23.6 ms · p95    23.8 ms · max    23.8 ms
  击键→字形可见（编译+光栅）     p50   150.6 ms · p95   152.7 ms · max   152.7 ms
=== 256 段 ===
  冷启动首编（含字体扫描）：    2047 ms
  冷态后光栅基线            p50    23.7 ms · p95    24.0 ms · max    24.0 ms
  geometry cells: 9 页 ·   9116 cells
  热态编译段              p50  1345.0 ms · p95  1393.0 ms · max  1393.0 ms
  热态整页光栅段            p50    24.5 ms · p95    25.5 ms · max    25.5 ms
  击键→字形可见（编译+光栅）     p50  1370.5 ms · p95  1416.8 ms · max  1416.8 ms
