scholium 预览延迟链测量

版本组：typst 0.15.1 / typst-kit / typst-layout / typst-render（与主 workspace 同锁）
平台：Arch Linux · 20 逻辑核

=== 8 段 ===
  冷启动首编（含字体扫描）：      18 ms
    页面位图 1191×1684 px（201 万像素）
    页面位图 1191×1684 px（201 万像素）
    页面位图 1191×1684 px（201 万像素）
  冷态后光栅基线            p50     1.7 ms · p95     3.6 ms · max     3.6 ms
    页面位图 1191×1684 px（201 万像素）
    页面位图 1191×1684 px（201 万像素）
    页面位图 1191×1684 px（201 万像素）
    页面位图 1191×1684 px（201 万像素）
    页面位图 1191×1684 px（201 万像素）
    页面位图 1191×1684 px（201 万像素）
    页面位图 1191×1684 px（201 万像素）
    页面位图 1191×1684 px（201 万像素）
    页面位图 1191×1684 px（201 万像素）
    页面位图 1191×1684 px（201 万像素）
  geometry cells: 1 页 ·    282 cells
  热态编译段              p50     1.0 ms · p95     2.0 ms · max     2.0 ms
  热态整页光栅段            p50     1.8 ms · p95     1.8 ms · max     1.8 ms
  击键→字形可见（编译+光栅）     p50     2.8 ms · p95     3.8 ms · max     3.8 ms

=== 64 段 ===
  冷启动首编（含字体扫描）：      34 ms
    页面位图 1191×1684 px（201 万像素）
    页面位图 1191×1684 px（201 万像素）
    页面位图 1191×1684 px（201 万像素）
  冷态后光栅基线            p50     3.3 ms · p95     7.4 ms · max     7.4 ms
    页面位图 1191×1684 px（201 万像素）
    页面位图 1191×1684 px（201 万像素）
    页面位图 1191×1684 px（201 万像素）
    页面位图 1191×1684 px（201 万像素）
    页面位图 1191×1684 px（201 万像素）
    页面位图 1191×1684 px（201 万像素）
    页面位图 1191×1684 px（201 万像素）
    页面位图 1191×1684 px（201 万像素）
    页面位图 1191×1684 px（201 万像素）
    页面位图 1191×1684 px（201 万像素）
  geometry cells: 3 页 ·   2240 cells
  热态编译段              p50    14.0 ms · p95    14.0 ms · max    14.0 ms
  热态整页光栅段            p50     2.3 ms · p95     2.6 ms · max     2.6 ms
  击键→字形可见（编译+光栅）     p50    16.3 ms · p95    16.6 ms · max    16.6 ms

=== 256 段 ===
  冷启动首编（含字体扫描）：     201 ms
    页面位图 1191×1684 px（201 万像素）
    页面位图 1191×1684 px（201 万像素）
    页面位图 1191×1684 px（201 万像素）
  冷态后光栅基线            p50     3.1 ms · p95     3.1 ms · max     3.1 ms
    页面位图 1191×1684 px（201 万像素）
    页面位图 1191×1684 px（201 万像素）
    页面位图 1191×1684 px（201 万像素）
    页面位图 1191×1684 px（201 万像素）
    页面位图 1191×1684 px（201 万像素）
    页面位图 1191×1684 px（201 万像素）
    页面位图 1191×1684 px（201 万像素）
    页面位图 1191×1684 px（201 万像素）
    页面位图 1191×1684 px（201 万像素）
    页面位图 1191×1684 px（201 万像素）
  geometry cells: 9 页 ·   9116 cells
  热态编译段              p50   163.0 ms · p95   165.0 ms · max   165.0 ms
  热态整页光栅段            p50     3.3 ms · p95     3.4 ms · max     3.4 ms
  击键→字形可见（编译+光栅）     p50   166.4 ms · p95   168.4 ms · max   168.4 ms

