   Compiling scholium-spike-core v0.0.0 (/home/ation_ciger/Projects/Mogan/scholium/spikes/native-ui/core)
    Finished `test` profile [unoptimized + debuginfo] target(s) in 0.37s
     Running unittests src/lib.rs (spikes/native-ui/core/target/debug/deps/scholium_spike_core-23fe3703f911ae0c)

running 0 tests

test result: ok. 0 passed; 0 failed; 0 ignored; 0 measured; 0 filtered out; finished in 0.00s

     Running tests/acceptance.rs (spikes/native-ui/core/target/debug/deps/acceptance-85d8b3b5c4cbd926)

running 22 tests
test cycle_variant_wraps_around ... ok
test empty_document_always_has_reachable_text_leaf ... ok
test delete_backward_does_not_split_combining_mark ... ok
test delete_backward_does_not_split_zwj_emoji ... ok
test every_committed_edit_appends_an_action ... ok
test ime_cancel_leaves_no_trace ... ok
test ime_commit_is_a_single_action ... ok
test ime_preedit_is_not_an_action ... ok
test local_undo_preserves_remote_insert ... ok
test offset_inside_grapheme_is_rejected ... ok
test remote_action_is_never_in_local_undo_scope ... ok
test selection_orders_endpoints_by_document_order ... ok
test source_pane_is_read_only_until_language_is_granted ... ok
test selection_text_range_only_within_one_leaf ... ok
test undo_of_deletion_restores_original_position ... ok
test stale_base_revision_is_rejected ... ok
test unwrap_refuses_structure_without_content_policy ... ok
test vertical_navigation_moves_between_matrix_cells ... ok
test vertical_navigation_moves_between_numerator_and_denominator ... ok
test vertical_navigation_walks_script_slots_in_order ... ok
test wrap_and_unwrap_sqrt_preserve_content ... ok
test large_source_opens_and_edits_locally ... ok

test result: ok. 22 passed; 0 failed; 0 ignored; 0 measured; 0 filtered out; finished in 0.04s

     Running tests/layout.rs (spikes/native-ui/core/target/debug/deps/layout-bb2b91a25341170e)

running 15 tests
test caret_is_none_for_non_text_node ... ok
test caret_maps_byte_offset_to_layout_position ... ok
test document_layout_covers_whole_graph ... ok
test caret_inside_fraction_lands_inside_that_fraction ... ok
test fraction_draws_a_bar_between_numerator_and_denominator ... ok
test hit_test_inside_fraction_selects_that_slot ... ok
test matrix_places_cells_on_a_grid ... ok
test hit_test_outside_any_text_is_none ... ok
test script_raises_superscript_and_lowers_subscript ... ok
test math_slots_render_every_child ... ok
test nested_sqrt_aligns_sign_with_fraction_baseline ... ok
test hit_test_maps_point_to_node_and_byte_offset ... ok
test sqrt_draws_radical_and_overline ... ok
test undo_after_typing_keeps_layout_consistent ... ok
test pointer_hit_never_splits_combining_or_zwj_graphemes ... ok

test result: ok. 15 passed; 0 failed; 0 ignored; 0 measured; 0 filtered out; finished in 0.00s

     Running tests/selection_edit.rs (spikes/native-ui/core/target/debug/deps/selection_edit-59c812879827424b)

running 3 tests
test invalid_endpoint_does_not_change_document_or_history ... ok
test batch_rejects_late_error_without_partial_deletion ... ok
test cross_node_cut_removes_middle_structure_and_undo_preserves_remote ... ok

test result: ok. 3 passed; 0 failed; 0 ignored; 0 measured; 0 filtered out; finished in 0.00s

     Running tests/slot_selection.rs (spikes/native-ui/core/target/debug/deps/slot_selection-4c9033b1baa1cc67)

running 6 tests
test invalid_slot_and_detached_descendant_endpoints_are_rejected ... ok
test cutting_all_children_of_math_slot_preserves_one_editable_placeholder ... ok
test replacement_undo_without_remote_changes_restores_original_tree ... ok
test replacing_whole_document_is_atomic_and_undo_keeps_remote_text ... ok
test reverse_slot_cut_removes_empty_structure_and_undo_restores_identity ... ok
test text_to_parent_end_deletes_suffix_instead_of_reversing_selection ... ok

test result: ok. 6 passed; 0 failed; 0 ignored; 0 measured; 0 filtered out; finished in 0.00s

     Running tests/undo_sequence.rs (spikes/native-ui/core/target/debug/deps/undo_sequence-794ace619223a66c)

running 1 test
test consecutive_undo_skips_compensations_and_preserves_remote_input ... ok

test result: ok. 1 passed; 0 failed; 0 ignored; 0 measured; 0 filtered out; finished in 0.00s

   Doc-tests scholium_spike_core

running 0 tests

test result: ok. 0 passed; 0 failed; 0 ignored; 0 measured; 0 filtered out; finished in 0.00s
