    Finished `release` profile [optimized] target(s) in 0.01s
     Running `spikes/crdt-race/target/release/scholium-spike-crdt-race`
=== Scholium 阶段 0 第 4 项验证：CRDT 赛马 ===
实现：自研 Logoot 序列 + LWW 寄存器 + Lamport 时间戳（无第三方 CRDT 库）

== 判据 J1：收敛（离线编辑 + 交换同一操作集） ==
[PASS] J1.1a :: 离线操作 A=29 B=29；合并顺序 A→B→A（应用 2/2）；字节 906 == 906：true；hash 0x0393c9805614dfcf / 0x0393c9805614dfcf；文本 "XYhello worldZW**bold**\n# Title\n"
[PASS] J1.1b :: 离线操作 A=29 B=29；合并顺序 B→A→B（应用 2/2）；字节 906 == 906：true；hash 0x0393c9805614dfcf / 0x0393c9805614dfcf；文本 "XYhello worldZW**bold**\n# Title\n"
[PASS] J1.2a :: 离线操作 A=28 B=28；合并顺序 A→B→A（应用 1/1）；字节 846 == 846：true；hash 0xf4d67159b7e3a77d / 0xf4d67159b7e3a77d；文本 "helloXY world**bold**\n# Title\n"
[PASS] J1.2b :: 离线操作 A=28 B=28；合并顺序 B→A→B（应用 1/1）；字节 846 == 846：true；hash 0xf4d67159b7e3a77d / 0xf4d67159b7e3a77d；文本 "helloXY world**bold**\n# Title\n"
[PASS] J1.3a :: 离线操作 A=32 B=28；合并顺序 A→B→A（应用 1/5）；字节 827 == 827：true；hash 0xf0d46fa3f61c4eb6 / 0xf0d46fa3f61c4eb6；文本 "Y world**bold**\n# Title\n"
[PASS] J1.3b :: 离线操作 A=32 B=28；合并顺序 B→A→B（应用 1/5）；字节 827 == 827：true；hash 0xf0d46fa3f61c4eb6 / 0xf0d46fa3f61c4eb6；文本 "Y world**bold**\n# Title\n"
[PASS] J1.4a :: 离线操作 A=29 B=28；合并顺序 A→B→A（应用 1/2）；字节 892 == 892：true；hash 0x6da5d5688f27a117 / 0x6da5d5688f27a117；文本 "**hello world**bold**\n**# Title\n"
[PASS] J1.4b :: 离线操作 A=29 B=28；合并顺序 B→A→B（应用 1/2）；字节 892 == 892：true；hash 0x6da5d5688f27a117 / 0x6da5d5688f27a117；文本 "**hello world**bold**\n**# Title\n"
[PASS] J1.5a :: 离线操作 A=29 B=29；合并顺序 A→B→A（应用 2/2）；字节 846 == 846：true；hash 0xdc2ba7a0d72036f5 / 0xdc2ba7a0d72036f5；文本 "hello worldbo!!ld\n# Title\n"
[PASS] J1.5b :: 离线操作 A=29 B=29；合并顺序 B→A→B（应用 2/2）；字节 846 == 846：true；hash 0xdc2ba7a0d72036f5 / 0xdc2ba7a0d72036f5；文本 "hello worldbo!!ld\n# Title\n"
[PASS] J1.6a :: 离线操作 A=34 B=36；合并顺序 A→B→A（应用 9/7）；字节 1066 == 1066：true；hash 0xff5f9b52be0df8c1 / 0xff5f9b52be0df8c1；文本 "_lloaa worldbbold\n_$# TTitle\n$"
[PASS] J1.6b :: 离线操作 A=34 B=36；合并顺序 B→A→B（应用 9/7）；字节 1066 == 1066：true；hash 0xff5f9b52be0df8c1 / 0xff5f9b52be0df8c1；文本 "_lloaa worldbbold\n_$# TTitle\n$"
[PASS] J1.5-intent :: bold 父级=para(1 0)（期望 para）、bold 文本="bo!!ld"（期望 "bo!!ld"）；strong 存活=false
[PASS] J1.3-intent :: "hello" 被删、区间内的并发插入保留：文本="Y world"（期望 "Y world"）

== 判据 J2：本地 undo 只撤销本地动作 ==
[PASS] J2.1 :: A 收到远端 1 个操作后 A 文本="helloxy world"；undo(skipped=0) 后 A 文本="helloy world"；未同步的 B 文本="helloy world"（B 未受 A 的 undo 影响）
[PASS] J2.2 :: A 收到远端 1 个操作后文本="y world"（"hello" 已被 A 删除、B 的 y 仍在）；undo(skipped=0) 后文本="helylo world"（恢复 5 个字符且 y 未被动过）
[PASS] J2.3 :: 两个独立本地动作 p、q；A 收到远端 1 个操作后文本="hellopyq world"；undo 一次(skipped=0) 后文本="hellopy world"（只撤 q，p 与远端 y 保留）
[PASS] J2.4 :: undo 后 A 操作总数=31；B 合并到补偿操作 3 个后文本="hellopy world"；字节 867 == 867：true；hash 0xcc5d4bde96e34dfa / 0xcc5d4bde96e34dfa
[PASS] J2.5 :: A 收到远端删除 2 个操作后文本=" world"；undo(skipped=2) 后 A 文本="heo world"（h/e/o 恢复、被 B 删掉的 l/l 跳过）；B 合并补偿后两端字节 808 == 808：true

== 判据 J3：快照（序列化 / 反序列化 / 继续合并） ==
[PASS] J3.1 :: 规范状态 897 字节（hash 0xdd27870e185b4360）== 恢复后 897 字节（hash 0xdd27870e185b4360）：true；快照 1926 字节，恢复副本二次序列化字节相同：true
[PASS] J3.2 :: B 新增 5 个操作，快照前只投递 2 个（半程文本="AAhello worldBB**bold**\n# Title\n"）；恢复后补投 3 个、B 反向收到 2 个；字节 988 == 988：true；hash 0x9a8cd0e431b445d8 / 0x9a8cd0e431b445d8
[PASS] J3.3 :: B 新增 5 个操作，快照时只到了 2 个（半程文本="helloabba world**bold**\n# Title\n"）；恢复副本补 3 个、原副本补 3 个；字节 888 == 888：true；hash 0xfeae4cada4b5580e / 0xfeae4cada4b5580e；文本 "loabba world**bold**\n# Title\n"
[PASS] J3.4 :: 恢复副本新产生 3 个操作、B 收到 4 个；字节 897 == 897：true；B 文本="ZZQhello world"（hash 0x423f683d52811507 / 0x423f683d52811507）
[PASS] J3.5 :: 快照前文本="XYhello world"；恢复后 undo(acted=true, skipped=0) 得到 "hello world"（期望 "hello world"）

== 判据 J4：规模（两副本混合 100 000 次用户动作） ==
[PASS] J4.1 :: 用户动作 100000（A=50228 / B=49772：插入 60204 删除 9960 属性 8030 包裹 9123 解除 7676 撤销 5007）；操作总数 153499（夹具引导 27）；节点 9130；文本条目 60224（可见 15425、墓碑 44799），最大分块数 89；最长位置标识 26 位；位置复用回退 1 次；总耗时 1.968607714s（19686 ns/动作）；两端收敛 true（hash 0x840de2e2a0d791d5）
[PASS] J4.2 :: 堆峰值增量 87.5 MiB < 上限 256 MiB；结束时堆占用增量 86.4 MiB；规范状态 2328862 字节

== 判据 J5：随机化收敛（固定种子 + 乱序投递） ==
   J5.1 种子基准 0x5eed1234：100 轮 × 2 副本 × 每副本 200 个随机动作
[PASS] J5.1-round000 :: seed=0x000000005eed1234；新操作 A=141 B=111（乱序投递）；字节 5318 == 5318：true；hash 0x45b9eb4c774319f6 / 0x45b9eb4c774319f6；文本 "ymnvnhxenbuylxulocyjxyrtkdxxvlfhlbtspvavevyqmanxepgeondicgdeletei cqxxiwjgpwwipectfhfdoghpbuhhgwhldmpznhiapmpysldxxlqzjdnlubyuccjoeg************************************bold************\n# Title\n"
[PASS] J5.1-round001 :: seed=0x000000005eed1235；新操作 A=135 B=122（乱序投递）；字节 5301 == 5301：true；hash 0x797273750c4a3a4e / 0x797273750c4a3a4e；文本 "nvnymhxeylxulocyjxyrtkdfxxvlhlbtspvavemqmnxpgeondicgdgeletei cqxxiwjgptwhffdsohpgwhbldmpipznhhampysldxxlqzjdnlubyuccjozeg********************bold************************************\n# Title\n"
[PASS] J5.1-round002 :: seed=0x000000005eed1236；新操作 A=135 B=98（乱序投递）；字节 4801 == 4801：true；hash 0x0bf4cd0b58bad182 / 0x0bf4cd0b58bad182；文本 "lvhffxwxmhayhlywpwvwmstajndrtvksfbyndjrmdyyjessfllhoinyuuiskbdmtpunfihwscothmhta vftqlisrkmkrzfbwsonjwowkqhmseizwopewupevfamwfwovrzwb**************bold**\n# Title\n"
[PASS] J5.1-round003 :: seed=0x000000005eed1237；新操作 A=110 B=124（乱序投递）；字节 4757 == 4757：true；hash 0xde1ac3d9a479a482 / 0xde1ac3d9a479a482；文本 "lvhffxwxmhvdrvayhlywpkfbynwwdjrmmstaqyyjessfllhoiyuuspupnfihckbdmtswoathht vftqliskfbmkzwonjwsowkuqhmswpewuepeviazqvdfazwbmwfvwovr**bold**************\n# Title\n"
[PASS] J5.1-round004 :: seed=0x000000005eed1238；新操作 A=133 B=120（乱序投递）；字节 5110 == 5110：true；hash 0x6b1dc4b5282b33b5 / 0x6b1dc4b5282b33b5；文本 "evphwbloxegvaodcwpjitdsoallybbgxnliidjqlwrayowopwdq jpijtvmlwdxbyiqlifepksolewgpqlaydborunjwjsxnghclaujyqqnaaqonniybqhoodkqkka************bold****************\n# Title\n"
[PASS] J5.1-round005 :: seed=0x000000005eed1239；新操作 A=126 B=128（乱序投递）；字节 5168 == 5168：true；hash 0xc92ecf22c26b1b38 / 0xc92ecf22c26b1b38；文本 "evwphwbloxegwpvaocitdsojallbylwaybgxnliidjqoworpwqdp jpijtvmlwyidxlbqifepkdsolewpgqlaydborunjwxjnghscluqnaqajyqaonnibqhodxkqkka************bold********************\n# Title\n"
[PASS] J5.1-round006 :: seed=0x000000005eed123a；新操作 A=111 B=123（乱序投递）；字节 5049 == 5049：true；hash 0x17229c5059365f02 / 0x17229c5059365f02；文本 "orvlehvdvourqrexjcgcikkfnechlmfhcsxywglstxoemjubfjsyeirvtlfanbagmmretznakx vnpvykawdmvmvdpdwjpnocedidikwoeyquidoytwluqhkifkrbrfmolwqkmulltkquzhdbzgscqm******bold**********************\n# Title\n"
[PASS] J5.1-round007 :: seed=0x000000005eed123b；新操作 A=120 B=114（乱序投递）；字节 5039 == 5039：true；hash 0x9d0a7175bf8de657 / 0x9d0a7175bf8de657；文本 "rovlehvdovrqrexcgcijkkfnehlmfhcsxywglstxoejmubfjssayeirvtlfnbagmmretznakx prvykvnwdmvmvdpoctedidikwwoejpndyquidoyltwkuifqhkrbrfmowqklmulltqukzhdbzgscqm******bold**********************\n# Title\n"
[PASS] J5.1-round008 :: seed=0x000000005eed123c；新操作 A=133 B=113（乱序投递）；字节 4745 == 4745：true；hash 0xb965fa9528d722ac / 0xb965fa9528d722ac；文本 "uzfxcpkhlkbcbgcycycuxtuamgyimvfpbbakzbcrisypidequqcfoprjwlpxafv tfwlyfpepnehzwuppioykfgwbpsimtauoholjauvrzthnwxraqejcwpdppcigacfgvs**bold**\n# Title\n"
[PASS] J5.1-round009 :: seed=0x000000005eed123d；新操作 A=143 B=109（乱序投递）；字节 4802 == 4802：true；hash 0xd45ffdf8e404c690 / 0xd45ffdf8e404c690；文本 "uwfxcpzlbccutmyivgmpfbebakzzbmcrisuedquqcmorjwlppppsaxv tftwlyftpepnzehzwkgwbsuipmtpiaoyarupohljuvrzthwxraeqcpdpjpcigacfgvs************bold****\n# Title\n"
[PASS] J5.1-round010 :: seed=0x000000005eed123e；新操作 A=129 B=125（乱序投递）；字节 5054 == 5054：true；hash 0x759754f84102d79c / 0x759754f84102d79c；文本 "veiikodvhkvmoaexoyglmuzcwvazgzmusuqjjrskuqnbkbdzeoslsbgnsfbj peyluemqyfoabeinclwqjnnkbjuriyxdzrjghflubmtdysjddkfcxzdiyk********************bold********\n# Title\n"
[PASS] J5.1-round011 :: seed=0x000000005eed123f；新操作 A=122 B=133（乱序投递）；字节 5062 == 5062：true；hash 0xde240fc7311d7000 / 0xde240fc7311d7000；文本 "veikodivhvkmoaexoyglmuzcwavzgzmusuqjjrskuqnbkbdzeosblsgnfsbj ypeluermqyfoabincelqjnkbjurliydzrjghfumtbydsjddkfcxzdiky********bold************************\n# Title\n"
[PASS] J5.1-round012 :: seed=0x000000005eed1240；新操作 A=120 B=123（乱序投递）；字节 4846 == 4846：true；hash 0x455abf473477bc3a / 0x455abf473477bc3a；文本 "mketiidhbutuvpdlodhilatuigolmebxdifvaolayjmoopipcqaboipbmggejfgzrpyekccmzltl ywaaupmgswablnxbwbfspolwaxqekarxverrwugjtkwylsndxy********bold************************\n# Title\n"
[PASS] J5.1-round013 :: seed=0x000000005eed1241；新操作 A=108 B=133（乱序投递）；字节 4904 == 4904：true；hash 0x4a6b40bac5f40182 / 0x4a6b40bac5f40182；文本 "mkteihbutuvpddldohrailtuigoleebixidflvaolsayhjombopipcqaoikpobmggejfgzypekccmzll ywaapnumwblxwbbfspokalwrxqxvieerrgwujtkwyglsndzmxy**********bold**************************\n# Title\n"
[PASS] J5.1-round014 :: seed=0x000000005eed1242；新操作 A=102 B=137（乱序投递）；字节 4960 == 4960：true；hash 0x5d0624bfcbb2f44e / 0x5d0624bfcbb2f44e；文本 "szlckkiclrfeceaedrfyvhnsfyzeojcltusbpldgkuaozjtoqv vkeyweztzijmddovseeszkflkbkmraxeiyixkzjqcliaephbnljdilewhzujsdyvbbjmtydxiztxbvzeiadpxwc********bold************\n# Title\n"
[PASS] J5.1-round015 :: seed=0x000000005eed1243；新操作 A=118 B=131（乱序投递）；字节 5074 == 5074：true；hash 0xc850d95f624a0b2f / 0xc850d95f624a0b2f；文本 "szlrlfceckrekicaedrfyvhyzojcltusbpldgkuaojefitsoq vkewtemdzzjojgvseszkfelkkmraxkeiyixkzjpnljdilewhzujsdxvbnbyxvzjmtydxizdpxwctbeia**********bold******************\n# Title\n"
[PASS] J5.1-round016 :: seed=0x000000005eed1244；新操作 A=126 B=123（乱序投递）；字节 5042 == 5042：true；hash 0xeecf53914d6388e6 / 0xeecf53914d6388e6；文本 "kdhmsetkhlnxuhyxpyeysngkjnkpcmwoponeijwlhlprpixosbachoiknk dxnwipczbswzgsgotjhmnajljvnulujmjmqryrdwmmdqdamdufdvpujmvaxcii******************************bold**************\n# Title\n"
[PASS] J5.1-round017 :: seed=0x000000005eed1245；新操作 A=155 B=103（乱序投递）；字节 5067 == 5067：true；hash 0x0a972652a9ec40e5 / 0x0a972652a9ec40e5；文本 "kdcmyhhlseknxufhyxpyedysnpgkjkcmopoijwlhlpripxosbaidxnwinpczbswzrosgjnljmjmnajlvuyumqryrdwmmddfamdudpujmvaxciivb**********************************bold**********\n# Title\n"
[PASS] J5.1-round018 :: seed=0x000000005eed1246；新操作 A=130 B=115（乱序投递）；字节 5156 == 5156：true；hash 0x89e19e1576148270 / 0x89e19e1576148270；文本 "uyxfaoqcdolzrhitoxmhpxvtkjqwtocextlwbfleupkooplpntypidirsektflexjosmmgwqplumzjqqwrxlhrzujooryawekefcewbrbttdbjewbivroulgsxzdrpjuno****************bold********************************\n# Title\n"
[PASS] J5.1-round019 :: seed=0x000000005eed1247；新操作 A=126 B=116（乱序投递）；字节 5169 == 5169：true；hash 0xb07ce1d4fd2d3dc6 / 0xb07ce1d4fd2d3dc6；文本 "oqudyxfacolzrhioxmhpxvtktjqwtocextlwbfluekoopntypidirsektflexjommgwqulmzjqqwrxhrllzujooryioawekefcewwbrbttdbjewbvrulgsxzdrpjuonoj************************************************\n# Title\n"
[PASS] J5.1-round020 :: seed=0x000000005eed1248；新操作 A=108 B=142（乱序投递）；字节 5285 == 5285：true；hash 0x6c32cb8766112363 / 0x6c32cb8766112363；文本 "xcvbmzhkhyetktwtmedljvdargopzvzhbymbwarilwosmtajubiptqguortr yowbgnziwfrozxssuwsodsypnixrmgyxwlzcdbvutllgwvdpegptwkvultblcuepspefhgm**************************************bold******************\n# Title\n"
[PASS] J5.1-round021 :: seed=0x000000005eed1249；新操作 A=129 B=122（乱序投递）；字节 5234 == 5234：true；hash 0xc99e12d680225797 / 0xc99e12d680225797；文本 "xcvbmkhyktwtemdljvdargozvzpbahyrwipcmfdlwsmajuboipqtguortr yowsgusfrohzxswodsypnixrmgyxwlzcdbvutlgwvldpegphgmmtwkvultblcuepvspef************************************bold****************\n# Title\n"
[PASS] J5.1-round022 :: seed=0x000000005eed124a；新操作 A=108 B=135（乱序投递）；字节 5514 == 5514：true；hash 0x08686e6247c3023a / 0x08686e6247c3023a；文本 "peojhwjtywaidfrjlzoerllbhozhhgbjlissjrcodwde jpjvsrtwtdftoazunjizlzjbrygwkzvzqrlmocadyslenyufuhwasfahfiggohbuqmwdjojpdmyrxpywvibs****************bold************************************************\n# Title\n"
[PASS] J5.1-round023 :: seed=0x000000005eed124b；新操作 A=142 B=103（乱序投递）；字节 5411 == 5411：true；hash 0xe46bc4eae36c15ef / 0xe46bc4eae36c15ef；文本 "pojihwjtylewaidfrzjoerlhzhhgbjlbolissjrcowdde ptjjvswtdfaztounjzirywkzlzqjbgvrzmolcsadyslenyufuhwafigahfhbumjwvibsojpdmyrxpy****************bold********************************************\n# Title\n"
[PASS] J5.1-round024 :: seed=0x000000005eed124c；新操作 A=136 B=117（乱序投递）；字节 5020 == 5020：true；hash 0x54fd5913de1ef4f9 / 0x54fd5913de1ef4f9；文本 "bqzjhzfhblobvfqbewepigdeealxffokwutdohlxwncbxboyvaynokudzjnbz ijpleqqsnfyrwhqqommkkyudmaruipxxmzupwsbrrhddkgplulbxsvbqdraz********bold********************************************\n# Title\n"
[PASS] J5.1-round025 :: seed=0x000000005eed124d；新操作 A=148 B=110（乱序投递）；字节 4941 == 4941：true；hash 0x12b7c5c1afcf9a4c / 0x12b7c5c1afcf9a4c；文本 "bzjfhfhblovfqbebwepgdweealxfkwufitodhlxncbxoybavuzjnbzijqsnfyrwhqqolhmtmkkydmuanruipuxxmpzwsobmrhdaprdkglxulbsbqvdraz**************bold**********************\n# Title\n"
[PASS] J5.1-round026 :: seed=0x000000005eed124e；新操作 A=147 B=104（乱序投递）；字节 4862 == 4862：true；hash 0xe60b48a70cf77d77 / 0xe60b48a70cf77d77；文本 "hivbyvwcldknwlnqefgvboftqsksmnzoraeyuyediuupgsolwqprsyxxglkqmcvhthlmtncpcixrgboqwnexikhbwg sqwlrsolbffqgvrnoppddqrekdktgspbjyle******************bold******\n# Title\n"
[PASS] J5.1-round027 :: seed=0x000000005eed124f；新操作 A=121 B=124（乱序投递）；字节 4920 == 4920：true；hash 0x37a30eb981c174ae / 0x37a30eb981c174ae；文本 "nhivbyvwcldknwlngboftqsksmnzoraeyyqsefveduhupgxdsovlfwqprgsylhkchvtlhmtncipcixrbgoqwexikhwbg sqwrsolbflfqnvoppddqrkgdktsliphaxbjdyle******************************bold**********\n# Title\n"
[PASS] J5.1-round028 :: seed=0x000000005eed1250；新操作 A=103 B=130（乱序投递）；字节 4790 == 4790：true；hash 0x982d182581961d0b / 0x982d182581961d0b；文本 "zhhplmkvvomdxqsgeaqddkbriqgsdxfgkapdbnojbsaosoylulsspvom xyfdmrxkrfqulrewogkjbsuasjbaahseulhwbaorqvxpagtjrluhariuaremmlgdpvijesjzt****************************bold****************\n# Title\n"
[PASS] J5.1-round029 :: seed=0x000000005eed1251；新操作 A=112 B=123（乱序投递）；字节 4719 == 4719：true；hash 0x60e37cb04fa37d5e / 0x60e37cb04fa37d5e；文本 "thhpkvlmomxvsepqddkbrqgsdcxjxfbgksaosadbnlssvom mrxkqurxyyfdjbsuasjbaahshreulhewogwbaorqvxpagtjrluhariujaaremrmhlgedvpeijsjzt************bold************************\n# Title\n"
[PASS] J5.1-round030 :: seed=0x000000005eed1252；新操作 A=128 B=116（乱序投递）；字节 4966 == 4966：true；hash 0xbc9ecbf7e7fa1b23 / 0xbc9ecbf7e7fa1b23；文本 "zahmbfqfkqwcsxglrlnizcimybmafmtooznfhwkncbuqrlacwbwjokomtohkqgbanluqwwsmkynkfaopvooqh ktkqwbsojrlixllhrgissxclrlpkiuxqbvpvtxeh******************bold**************************************\n# Title\n"
[PASS] J5.1-round031 :: seed=0x000000005eed1253；新操作 A=134 B=117（乱序投递）；字节 4891 == 4891：true；hash 0x82a5c44b564aeb56 / 0x82a5c44b564aeb56；文本 "zahmbfqfkgqwcsxlrmtooiznfhwnckibuqlacwbwjokomtokqgbanluqwsmkynkfaopvoohq kqtkwbsojrlillhrxgisluclrlkpiuxqbvpvtxeh****************************************bold****************\n# Title\n"
[PASS] J5.1-round032 :: seed=0x000000005eed1254；新操作 A=130 B=125（乱序投递）；字节 5331 == 5331：true；hash 0x22cc9af866f27289 / 0x22cc9af866f27289；文本 "jrybapxxhptdjraejiolinbszgmljilshlmodfaf ytqtbjkzwdiskionvlsuabwhgpzwwihytouropdgvivhjgwewwwhhxadrkeiclzsuldkewlawfw****************bold********************************************\n# Title\n"
[PASS] J5.1-round033 :: seed=0x000000005eed1255；新操作 A=135 B=113（乱序投递）；字节 5402 == 5402：true；hash 0x76f64dbb7c64b1c6 / 0x76f64dbb7c64b1c6；文本 "jrypbxxahptdjraelnxjbiiszgmljailshlmodffkaf bjkzytqtwdisionvlsuabhgzwwihytoropdjggvivhewhwhxadrkeicwlmzsuldwbkpmytkdewlwfpwga******************bold**************************************************\n# Title\n"
[PASS] J5.1-round034 :: seed=0x000000005eed1256；新操作 A=130 B=109（乱序投递）；字节 4797 == 4797：true；hash 0x77f84d7b235a98b9 / 0x77f84d7b235a98b9；文本 "gmtbxgukgwiigbkuengshyiueycyuirdlkkpdilwevltgwbpvvwwdzevhettbdlkbjpralnikgrodtoslfvned ufpxrskdamncmrnicvjktdanzjaluulrabgoywlrfjpbrlputdcraabb************bold****\n# Title\n"
[PASS] J5.1-round035 :: seed=0x000000005eed1257；新操作 A=116 B=120（乱序投递）；字节 4807 == 4807：true；hash 0x97906bd821039ea4 / 0x97906bd821039ea4；文本 "tgmbxggbkukgwiiuegnshyiwuebpyvcyuirdlvkkpdilwevdltgwwevhettbdlbrjpalnikgrodtoslfvned upxrskdamncmrnicvjktdanqvweozjaluulrabgoywlrpfbrjlputdabbcra**********bold**********\n# Title\n"
[PASS] J5.1-round036 :: seed=0x000000005eed1258；新操作 A=148 B=105（乱序投递）；字节 5073 == 5073：true；hash 0xe436a3be16149e54 / 0xe436a3be16149e54；文本 "nhovvvzgesfdgfqhktsrwlmpbdxftbwastqyetdteefeudocqlzsfmivqoluw qjfiwnonlmntmsododarkrfvzeylfordmdzymdhjbsiwyvssycqndx****************************bold************\n# Title\n"
[PASS] J5.1-round037 :: seed=0x000000005eed1259；新操作 A=118 B=124（乱序投递）；字节 5078 == 5078：true；hash 0xc15e0661a9dffa75 / 0xc15e0661a9dffa75；文本 "novvvzegsfgdfdqhktsrqwlmpbdxfvttbqywvaedtseefenucqlzfmviltranxqaoluw iqjfwnnmolsmntododarkrfvzeylfordmkogdzymdhjbsiwyvssycqndx**********************************bold**************\n# Title\n"
[PASS] J5.1-round038 :: seed=0x000000005eed125a；新操作 A=124 B=133（乱序投递）；字节 5362 == 5362：true；hash 0xdfa7d83e6789b6cf / 0xdfa7d83e6789b6cf；文本 "yfoytzhevkoiealkyufpmuadzwowemjforqebxjwlxlmlyjxeiwicojjuhbwoqgogqjarnaluboqzofwwdvkawzfuzytopdjumrzsyhudnjqefjvezcydcpnpc******************************bold**********\n# Title\n"
[PASS] J5.1-round039 :: seed=0x000000005eed125b；新操作 A=100 B=157（乱序投递）；字节 5199 == 5199：true；hash 0x3f5161e889bcfe81 / 0x3f5161e889bcfe81；文本 "yfoyhevkoiealkydxufpckmuoawdzwcowiqwjijfrjrplxmlt cslyeiwovjuhibwocjqoralubozwvkowdawgzfuzhtydopdjumrezsyhudnjevzcydcpnpc**********bold**********************\n# Title\n"
[PASS] J5.1-round040 :: seed=0x000000005eed125c；新操作 A=117 B=133（乱序投递）；字节 5463 == 5463：true；hash 0x56be8fdc4be09a9d / 0x56be8fdc4be09a9d；文本 "fysvlwhladvfqhwqxmxbepkmllcpcgfzbodiplmofozwggazatxbmlhdo xhgywitgwfvvpykuoffqfskvibrqojywgvaimcysioitlpynjodukwhmjzpzdzippzsfxfctz****************************************************bold************\n# Title\n"
[PASS] J5.1-round041 :: seed=0x000000005eed125d；新操作 A=121 B=129（乱序投递）；字节 5275 == 5275：true；hash 0xc6b660c130aefc6a / 0xc6b660c130aefc6a；文本 "fysvmlwhadvfqhwxmxqpbelcppkmlcgfzbdiplmofozwggzabmxhdo yxhgwitgwfvvpykuoffnskfviqbrqgvaimcysioxitlpyndjukohmjzpzdptzzipzsfxfc****************************************bold************\n# Title\n"
[PASS] J5.1-round042 :: seed=0x000000005eed125e；新操作 A=135 B=110（乱序投递）；字节 5141 == 5141：true；hash 0x42a94ed45ba73d83 / 0x42a94ed45ba73d83；文本 "mzcmticzzhnuitsalhxbnmzflnwveryyitulnaioenztuoyklkjttofqyox tnwvkdlfpcpjwpxwmnepmjkitxdenodysrfrwcauugfqjdgdlsadzwzkasdhvxxqotvhrtna****************************************bold****\n# Title\n"
[PASS] J5.1-round043 :: seed=0x000000005eed125f；新操作 A=125 B=126（乱序投递）；字节 5162 == 5162：true；hash 0x95f1717a20125693 / 0x95f1717a20125693；文本 "mzcmticqzzhnutalhbnmzflinwveryitynulionaenctuotoyklkjtqfyox tndlfwvkpcpwpxwzmnepjmjkitdnyxosdauugfqjdgdsazwazbkasdhvxxqotvhrtn**********************bold**********************\n# Title\n"
[PASS] J5.1-round044 :: seed=0x000000005eed1260；新操作 A=129 B=125（乱序投递）；字节 4949 == 4949：true；hash 0x5807d8cd54f7f526 / 0x5807d8cd54f7f526；文本 "ovjqzobuahdpweukifhzxjjtglyhahrpzuzndfvysomfjfotqdowxk pwvhifogqqctvqtjotskbdxlytyloksormtrbskiplhymubifbzpshnqlbyw**********************************bold**********\n# Title\n"
[PASS] J5.1-round045 :: seed=0x000000005eed1261；新操作 A=139 B=102（乱序投递）；字节 4976 == 4976：true；hash 0x4d1c8633a455daef / 0x4d1c8633a455daef；文本 "ovjoaqzbtuhpweufkitglyhxjajrhbbpzuhqeiizlndufqvlyhsomfjfotqdoxwk upwhpvicltfcsihoqgcqtjvqtosvxttokbdlylosrdmtrkibsplybibpshnqlbyhw******************************************bold**********\n# Title\n"
[PASS] J5.1-round046 :: seed=0x000000005eed1262；新操作 A=115 B=142（乱序投递）；字节 4949 == 4949：true；hash 0xe114483037b85aed / 0xe114483037b85aed；文本 "jlnjetgpajryyhwurklfvuudxljxgfgexymnzlvtlcvbpidkqmgafybzwpnlgyxbcqzuycgrfhmqwbjegywrmlaocckrktlqtkjprkdfghajboth******************bold**************************\n# Title\n"
[PASS] J5.1-round047 :: seed=0x000000005eed1263；新操作 A=118 B=132（乱序投递）；字节 5066 == 5066：true；hash 0x65e192b5a7c0aeec / 0x65e192b5a7c0aeec；文本 "jfljneetgpaajryyhwurklqfvuurdxlgjxgfexymnzlvtlcvbpidmgafhdkeqomzybz uvqpwmpnlgyxbcqwbjegygzuygrfhwraloccrktlqtkjprkdfghabothw********************************************bold************\n# Title\n"
[PASS] J5.1-round048 :: seed=0x000000005eed1264；新操作 A=116 B=130（乱序投递）；字节 4478 == 4478：true；hash 0x6413ab1fe45b1a72 / 0x6413ab1fe45b1a72；文本 "mfcfjzkhholnhmhyetjagjtclhwzgxmtwwnsamewfgsobvdnsfpu lqxsgimkgwpabndiauwavvfrfckfbcgarhtacvfyamlgkutdedbwmuisepsud********bold****\n# Title\n"
[PASS] J5.1-round049 :: seed=0x000000005eed1265；新操作 A=112 B=127（乱序投递）；字节 4606 == 4606：true；hash 0xb01e319dc3f4670e / 0xb01e319dc3f4670e；文本 "mflcfjzkhhonmhjetjagtclhwzgxmvtywdwnsamfgsewobvnsfpuk lgiqxsmkgwabndaiavuwtvvwhiofrfvckfybcdgarhtacvfyamleugtdedibsbwmuepsud******bold**************\n# Title\n"
[PASS] J5.1-round050 :: seed=0x000000005eed1266；新操作 A=143 B=109（乱序投递）；字节 5211 == 5211：true；hash 0x0f1aecd91f43b521 / 0x0f1aecd91f43b521；文本 "tthmxchliveuaerlzykumlescvnbehnqlzrjntrxlbgugsfjwdcwovbdjjspzfkirfodkglnhnrvpufeyaljnzfcnhlbjhcclqzryiwihlbcmlvrxqykdnmb********************************bold********\n# Title\n"
[PASS] J5.1-round051 :: seed=0x000000005eed1267；新操作 A=127 B=128（乱序投递）；字节 5297 == 5297：true；hash 0x44b048cc48890ce2 / 0x44b048cc48890ce2；文本 "tthlmxchliveuaelzykurmlnbeeschvnqlyvzrrxjntblgugsfjcvbzpfkirfolnhnkgrvufyaljnfcnhlcqbjclzrecnsydniihwlbcmblvruxqykbdnm******************************************bold**********\n# Title\n"
[PASS] J5.1-round052 :: seed=0x000000005eed1268；新操作 A=129 B=113（乱序投递）；字节 4979 == 4979：true；hash 0xda3078b002761b39 / 0xda3078b002761b39；文本 "agunwprhusogxuzdeatzlhhthtjaxbkclwdzqosgytxqrrybuoifodcnfbmofpdtwtr kawvsctfopayedfupupjwwkuwfrlwodaeannajtewizqnaepnbawsopenkcljkrxqdkg**********bold******\n# Title\n"
[PASS] J5.1-round053 :: seed=0x000000005eed1269；新操作 A=111 B=132（乱序投递）；字节 5014 == 5014：true；hash 0x828b8413046c5dab / 0x828b8413046c5dab；文本 "agunwrhusogxuzdeatzlhhthjaxbtckelwzdogqytxqrrybsuoifodcnfmbofpdtwtr kawvsctfopayedfupupjwwkuwfrlwodaannajtewizqnaepnbawsopnkceljkrxqdkg********bold************\n# Title\n"
[PASS] J5.1-round054 :: seed=0x000000005eed126a；新操作 A=124 B=119（乱序投递）；字节 4914 == 4914：true；hash 0x3c493ebbfb1c489e / 0x3c493ebbfb1c489e；文本 "pzzlkdbjuujxmqigbmlaxoyfqdjrvjhtetsvynxylnaybltlqnhqogn zdnhslkjhavbhewlljlmyfzwlkcktorknigrrombukblbmymzebgksckdzlztphwgjqh**********bold******************\n# Title\n"
[PASS] J5.1-round055 :: seed=0x000000005eed126b；新操作 A=127 B=113（乱序投递）；字节 5012 == 5012：true；hash 0xe7160d9e43d4d9d1 / 0xe7160d9e43d4d9d1；文本 "pzzlkbjujxmqlaxdoyfqdjervjuigbmhtesvytnnxabyllthlrlqnhqong zdnhshelkjhavbwlmywlkljlbypfyzyctkornigrrmbuobklbmmdyzebgksckdjqhzlzhwg**********bold**************************\n# Title\n"
[PASS] J5.1-round056 :: seed=0x000000005eed126c；新操作 A=129 B=145（乱序投递）；字节 5270 == 5270：true；hash 0x9b2d1b5edc7ec2dc / 0x9b2d1b5edc7ec2dc；文本 "koxxqxilbhwpgejwluhvjqorfmrkkdywnxycudwgcumeyixddmhcv inhaxbefdwogvhwoqrdqqeziypeccncvyxwlyeaatkrapcspkgdykfvjksdxtry******************************************bold**************************\n# Title\n"
[PASS] J5.1-round057 :: seed=0x000000005eed126d；新操作 A=141 B=134（乱序投递）；字节 5265 == 5265：true；hash 0x3b9bfd7018005c6b / 0x3b9bfd7018005c6b；文本 "kxxoqxlibhgwpejwluhvjqorfmrkkdywnxycudwgcuemyihxddcvm inhaxbefdwokgvhwuoqrdqqreziypeccncvyxwlyeraatpcspkgdykfvjksdxtry**************************bold**************************************\n# Title\n"
[PASS] J5.1-round058 :: seed=0x000000005eed126e；新操作 A=128 B=134（乱序投递）；字节 4705 == 4705：true；hash 0x072d0b444d69ba37 / 0x072d0b444d69ba37；文本 "ehedsmhdwwysgtditxwefnwmytvozamxkdbnonildljgxouigdfeelukjtwadysjtofnkosjnzkm tvfywocxvgloyzrlraxtylrzixdvbwnuusgpduiqckqqhi********bold************\n# Title\n"
[PASS] J5.1-round059 :: seed=0x000000005eed126f；新操作 A=148 B=115（乱序投递）；字节 4728 == 4728：true；hash 0x047e55ca0bec6812 / 0x047e55ca0bec6812；文本 "eahedsmhsgtddwwtxywefewnmotvozamxkydbninoldljgxouigdfeelukjtwdafnysjtokonjmzk vftwozcxvgloyrlraxtylrzdyvwxbnusggpduiqckhiqqz************bold****\n# Title\n"
[PASS] J5.1-round060 :: seed=0x000000005eed1270；新操作 A=128 B=127（乱序投递）；字节 5445 == 5445：true；hash 0x64521d86c8725d77 / 0x64521d86c8725d77；文本 "ghmnvhkqbpqgyrmbxebeamzvbbnlbtgueklwoxmryulqocgiljebq tiyjvkcnswrrlynxeberlwoopdewmufnociwrrgrjpgewviqavavwdsgowqxtwlixdsfyq****************************************************bold************************\n# Title\n"
[PASS] J5.1-round061 :: seed=0x000000005eed1271；新操作 A=127 B=128（乱序投递）；字节 5441 == 5441：true；hash 0x37b5441829af4949 / 0x37b5441829af4949；文本 "gnvhmhkbpqqgyrmbxebmelbazvbbntgueklwoxmryulqocgilejbq tyjvkcnsiwrrlynxebelrwoopewufnodmciwrrgrjpgewviqavavwdswqxtwlixdsfyqgo****************************************************bold************************\n# Title\n"
[PASS] J5.1-round062 :: seed=0x000000005eed1272；新操作 A=101 B=158（乱序投递）；字节 5224 == 5224：true；hash 0x71cc8197a22721a7 / 0x71cc8197a22721a7；文本 "ndhqaanywuhxeccdlfhjhnuzdadqcibbeimjmrloijiokieiltqcowncrxarcvsccpfjpspjkayumvyoohtjrmzycvatxpstprpmfxjyfxnqyiglzlbuedga************bold************************************\n# Title\n"
[PASS] J5.1-round063 :: seed=0x000000005eed1273；新操作 A=154 B=103（乱序投递）；字节 5216 == 5216：true；hash 0xf337928e374a337d / 0xf337928e374a337d；文本 "nydhqnywuaahxeccdlfhjghnuzdadqcibbeimjmrloijiokieiltqcowncrxacrvsccpfjpspjkayumvyoatxohtjrpsmzycvtprpmfxjyfxqnyiglzlbuedag************bold************************************\n# Title\n"
[PASS] J5.1-round064 :: seed=0x000000005eed1274；新操作 A=141 B=110（乱序投递）；字节 5081 == 5081：true；hash 0xfde413889736b1ca / 0xfde413889736b1ca；文本 "zewsereibtbrreyyaiqwlpgbpoeadswjqrcdrfvogikeg doqnxnykgdeljpsdwiuawlngbzgfitxmyvsqplkwmgmaoyyhxzcanykvqbtwqxgxpuorkiwwyplyuobaifdtho**********bold**************************\n# Title\n"
[PASS] J5.1-round065 :: seed=0x000000005eed1275；新操作 A=115 B=133（乱序投递）；字节 5077 == 5077：true；hash 0xbf63ba5624bd202f / 0xbf63ba5624bd202f；文本 "zwsereinyxqbtbrreyyaimqwlgbpoeadwpwsjqrcdrfvogikeg doqnxykgdeljpqpsdwiuawlngbzfitxmyvslkwmgmaojyhxzcanykvqqbtwqxgxpuorkiwwyplyuobaifthod**********bold**************************\n# Title\n"
[PASS] J5.1-round066 :: seed=0x000000005eed1276；新操作 A=115 B=124（乱序投递）；字节 4824 == 4824：true；hash 0x00b7d58358ebc9fa / 0x00b7d58358ebc9fa；文本 "mzmrfoqvhiehbfqqotmxsheijkydcxuhvkiugjhsqkfevamenzgscggzzfxzftilrsaiykdlvtakyqqvhoglibptqfvpnsc fvqwhttuwxyqdoxfmogqvvdnybjzqtarporltqesjdhvxq******************bold**********\n# Title\n"
[PASS] J5.1-round067 :: seed=0x000000005eed1277；新操作 A=134 B=111（乱序投递）；字节 4832 == 4832：true；hash 0xe0fc591f08f49497 / 0xe0fc591f08f49497；文本 "mzmrfoqvhihbfqqotmxsheijkydcxuhvkgijhsqkfevuameczzfxnzgsggftilrsaiykdlvtiakyqvqhotglibpfqvpnsc fqvwhttuwyqdoxfovbtajzqrpozrltqesjtdvxhq******************bold**********\n# Title\n"
[PASS] J5.1-round068 :: seed=0x000000005eed1278；新操作 A=122 B=114（乱序投递）；字节 4912 == 4912：true；hash 0xbd4626a152def4d6 / 0xbd4626a152def4d6；文本 "qwpujhifhiejhleikqxygxprdlftjjwmblvqfujsvcbohtnkzfpd parlngvwnwaphstbghhzdisdmtqbsuoumkrqscllibgeslkhanxdgpjhtzwufhpadpsykqbivz****bold****************\n# Title\n"
[PASS] J5.1-round069 :: seed=0x000000005eed1279；新操作 A=99 B=150（乱序投递）；字节 4795 == 4795：true；hash 0x95cdfc80034a0d18 / 0x95cdfc80034a0d18；文本 "wpqujhwiifnhejhleuikqxgyxrdlfqfutjjlwmblvsjvcbohtnkzpdf plngvwnwaphstghhdsdtbqbsuoumkrcqslllikabzgnexsdgpsjhtzwufhpadpsykqbivz****bold************\n# Title\n"
[PASS] J5.1-round070 :: seed=0x000000005eed127a；新操作 A=120 B=125（乱序投递）；字节 4972 == 4972：true；hash 0x863589517339f56e / 0x863589517339f56e；文本 "pqpwtlglmznaechrkxizuqpbqilepqkicabwttayjlpdsldbfhfkucrfztzoocixctcqomliixikaiknxa pouxwtwcgcgfilsphzbraobwpjpgftglvbwqdwfhwgeitpt******bold**********************************\n# Title\n"
[PASS] J5.1-round071 :: seed=0x000000005eed127b；新操作 A=133 B=111（乱序投递）；字节 5005 == 5005：true；hash 0x4af0feef1988a52b / 0x4af0feef1988a52b；文本 "pqepwtlglznachizuqprxbqilepayqkicjabwttlipdslfykuccrdbfhzftzoocixtqcomliixiknluhaiknxa pouxwtwcfilgcgshzbraobwpjpgftglmvbwqdwfhiwgei**********************************bold******\n# Title\n"
[PASS] J5.1-round072 :: seed=0x000000005eed127c；新操作 A=120 B=122（乱序投递）；字节 5129 == 5129：true；hash 0xd8dce90ef950d1eb / 0xd8dce90ef950d1eb；文本 "oegrnsimhsvwliarojxjpprpjzqyxdymgspaeumtmxotpehdwjoelwxrzlsfixophbqcmjub tcizekaprdmrdvkevvcmwwttwemxmekoksrqdcasjfryxgzuulkpxefdvcvwjyaytm********************bold********************************\n# Title\n"
[PASS] J5.1-round073 :: seed=0x000000005eed127d；新操作 A=131 B=113（乱序投递）；字节 4987 == 4987：true；hash 0x5b020247d574d035 / 0x5b020247d574d035；文本 "otegrnsimhsjvwlioxgmtmxothdjppwrpjjzqyxdymspoaeupelxrzwlfsxiophbqmcub tcizkrdmreapdvkevvcmwwttwmxmekeoksrqcjdsfrxygzuulkxepfdvcvjyaytmw**********************************bold**\n# Title\n"
[PASS] J5.1-round074 :: seed=0x000000005eed127e；新操作 A=118 B=121（乱序投递）；字节 5137 == 5137：true；hash 0x6aad9c4b85ba05b4 / 0x6aad9c4b85ba05b4；文本 "nydrmcgoeuhrlkphhtqjjrwbdzecazopxnlephrhlhztiqdblfcoijigdgudrtkonbmey owgpeyszdlwdorgiywxflgidbtgfjecfobvclrptgjmalppfjkcxuabrodcuidonxzmactf********bold********************\n# Title\n"
[PASS] J5.1-round075 :: seed=0x000000005eed127f；新操作 A=129 B=112（乱序投递）；字节 5164 == 5164：true；hash 0xf0d5ab929d0acfd4 / 0xf0d5ab929d0acfd4；文本 "nydmcouhrlkprehhtqrbjjwdzecazopxnlerlhzipqhhtdblfcoijginbmeydgudrtko odlwdorgywgpeyszwxflgidbtgfnjecfovclrptgjmalpfvkxuapjcbrodcuidctfonxzma********bold********************\n# Title\n"
[PASS] J5.1-round076 :: seed=0x000000005eed1280；新操作 A=146 B=101（乱序投递）；字节 4891 == 4891：true；hash 0xa76434661c956605 / 0xa76434661c956605；文本 "aawkgdtecxytulnjvwdjtcheqjrblmsxyfjdhhbqolcbviuizymcfdggqlmogycnseuujc nkcczljrbkwonbdogdiwdvriayykgwysxizcifghjulkqwozgnrlndaeiaubd**********************************bold******\n# Title\n"
[PASS] J5.1-round077 :: seed=0x000000005eed1281；新操作 A=109 B=140（乱序投递）；字节 4943 == 4943：true；hash 0xb1f54b31dddf39a4 / 0xb1f54b31dddf39a4；文本 "aawkgdtecxytuleqjnrjbvwdjtchalmsxjdhbhqolbcviuizycmfdggqlmogycsceuj rnbkkcczlwonbdogdiwdvriayjykguwykqwoszxgnrkizcifghliundaeabd********************************************bold********\n# Title\n"
[PASS] J5.1-round078 :: seed=0x000000005eed1282；新操作 A=110 B=139（乱序投递）；字节 4897 == 4897：true；hash 0xbb9b8fc1cb4be568 / 0xbb9b8fc1cb4be568；文本 "awezchvqgbjwbntzhcnfqqsemuaubtzsfwdotbmetbolnelishumtzgiaeyqrqfacaxeyspcudbjxdmwuxozttwdvjlorzitnljlmkzdwretixjwmkgzwhodpgw************************bold********\n# Title\n"
[PASS] J5.1-round079 :: seed=0x000000005eed1283；新操作 A=124 B=121（乱序投递）；字节 5016 == 5016：true；hash 0x9fe8f4ae8eca41b9 / 0x9fe8f4ae8eca41b9；文本 "awezchvqbbhcnrfgjwntzqqeumuabkzsftwdotbmeitbolnelishutzenrmqgfaeybqacajixeyspcuddxmwuxoztwdvjlorzitnljlmdkewrlixtixdjwckzmwhogdpgw****************************bold************\n# Title\n"
[PASS] J5.1-round080 :: seed=0x000000005eed1284；新操作 A=150 B=96（乱序投递）；字节 5088 == 5088：true；hash 0x833e57d74dd71136 / 0x833e57d74dd71136；文本 "timhkhxvhrtvwykeewpyyblujufgjwbhwagxfhemynhfdpmuhobsnzyioy qvjnqxtonwjmyomjkcdzfurojgykhpttwmicwxlznaxmxecsiczahunietaeemdtv************************************bold****************\n# Title\n"
[PASS] J5.1-round081 :: seed=0x000000005eed1285；新操作 A=125 B=115（乱序投递）；字节 5284 == 5284：true；hash 0x49ace49aba71d4a2 / 0x49ace49aba71d4a2；文本 "timhkvhtvyeepytyblufgwhjwtbwhbavgxvfwhhleameuobynshnzyifgdpmoy qnqxtonwmdnwyomjkdbcqzkfuroojrgyikhpttwmxicwlzamxeucnsiticzaheeemdtivb**************bold**************************************************\n# Title\n"
[PASS] J5.1-round082 :: seed=0x000000005eed1286；新操作 A=136 B=111（乱序投递）；字节 5170 == 5170：true；hash 0x4fd7264c18b2a37d / 0x4fd7264c18b2a37d；文本 "uchawhyaeveclwprrxwainqiclbzjthoqtdluizsgypgmrzroytdttdsedmihfxvpqxtmujwqikd rpzrqfgrzcuwqytkwnwmgremtojgpblhrlkwpofcqkvpnmh******************bold**\n# Title\n"
[PASS] J5.1-round083 :: seed=0x000000005eed1287；新操作 A=111 B=136（乱序投递）；字节 5180 == 5180：true；hash 0xcfb58e0c2b4d11e3 / 0xcfb58e0c2b4d11e3；文本 "cawuhhyaeveclwprrxiwanqiclbzjhtoqtmrzroydluizsgypgtdttdsedmihfxvpqxtmjuwqidk ytkrpzrqfgrzcuwqwremtnwmgojgpblhrlpkwofcvpnmhqk******************bold**\n# Title\n"
[PASS] J5.1-round084 :: seed=0x000000005eed1288；新操作 A=136 B=113（乱序投递）；字节 4755 == 4755：true；hash 0x80496a0928994d3f / 0x80496a0928994d3f；文本 "fqgxhgqpdeepbthkcmrkdqkaxpxkifhooqpugcorircronxjdtp zjatpnctlucylkwroxeogplrtdzjtwitapqiiettkmhcsoskrwzdxmllexhldvvergx**********************************bold**********\n# Title\n"
[PASS] J5.1-round085 :: seed=0x000000005eed1289；新操作 A=116 B=131（乱序投递）；字节 4699 == 4699：true；hash 0xe77d90718fcf3019 / 0xe77d90718fcf3019；文本 "qgfxhgqpdeepbthkcmrkdqkaxpxkifhooqpugcorircroxnjdtp jatpnctucylkzwrjroxepostgpltddzwitapqiiettkhmcsoskrwzdxmllexhldvgxver******************************bold******\n# Title\n"
[PASS] J5.1-round086 :: seed=0x000000005eed128a；新操作 A=148 B=100（乱序投递）；字节 5044 == 5044：true；hash 0x685b8ff94d49b955 / 0x685b8ff94d49b955；文本 "zeqxhvpufswxcmodeyvbcrnrlxdsusjsjnoplqkjknwitoadqngutocajfncaiqq dweoodcwrcigrgrvjbddgejmviblmgsztvylupdfvnobeavfjivmjzriutrf**************bold**********************************\n# Title\n"
[PASS] J5.1-round087 :: seed=0x000000005eed128b；新操作 A=137 B=113（乱序投递）；字节 4977 == 4977：true；hash 0xd32c2a069d6a9884 / 0xd32c2a069d6a9884；文本 "zqexhvpufsxcoebcnyvrpluasmnssjjqtvnwioangdqtulaocajfnciqq dweoowrciiggztkrrvjbedjvibdgmemhtlzavgyldvupobavnfdjivmjzriugtrfzig**********bold**************************\n# Title\n"
[PASS] J5.1-round088 :: seed=0x000000005eed128c；新操作 A=104 B=168（乱序投递）；字节 5118 == 5118：true；hash 0x4b0a1e8251c95be4 / 0x4b0a1e8251c95be4；文本 "ttgdenhwtyedecewqaixlsliieodlrabwzwlsuswilfleqecdlsguyhtdlfefvdhoqelmi iijmxshaimewsgmthfnwkxjgtcpoihuryrljcrrrioylsppyeoldxge********************bold************\n# Title\n"
[PASS] J5.1-round089 :: seed=0x000000005eed128d；新操作 A=143 B=128（乱序投递）；字节 5165 == 5165：true；hash 0x874e7edcd67321e0 / 0x874e7edcd67321e0；文本 "ttgadenhwtecyedewqaixlwsgliieodlrpavbzwwluilfleqecdlsguhtdlfefvdelm isgmthfnijmxshaimewkjwpcxgtpoirhyrljrflsppyeoldxge**************************bold**************\n# Title\n"
[PASS] J5.1-round090 :: seed=0x000000005eed128e；新操作 A=127 B=122（乱序投递）；字节 5168 == 5168：true；hash 0xac6a67491bdf03f1 / 0xac6a67491bdf03f1；文本 "keoplxpgigxofztxqsthhuvfqwyzajabrezofmmmcrsvoosaeo cqlyujafwkrdbjgojmvmngsnaomwzwbrxbupfzkzzprvmnqcxnynkhklncfvixzwkydrmjdtsyyuuvn****************bold********************************\n# Title\n"
[PASS] J5.1-round091 :: seed=0x000000005eed128f；新操作 A=125 B=125（乱序投递）；字节 5205 == 5205：true；hash 0x22c02bc44f9d4e07 / 0x22c02bc44f9d4e07；文本 "lxpgigxkoeopqfztxsthhfuvqarwyzjbezofmmmrsvocoseao cqlyujafwrkbjdgojvmmnmbxgsabowuzwrfzkzzpprvmnqcxnynkhklnfvcxwikdrzwymjdtsyyuuvn****************bold************************************\n# Title\n"
[PASS] J5.1-round092 :: seed=0x000000005eed1290；新操作 A=119 B=120（乱序投递）；字节 5159 == 5159：true；hash 0x9f6bff38072b1429 / 0x9f6bff38072b1429；文本 "nwauysqqnznhbnjjetskhgbskhxspxhyxembsldogukqdnlulzycjrabrlwbunpbdloyujyg rqicsmmttmhcqizbcyxhswcgrofzmritalcmkskrjkhphwelusdnckvjrgvycwtghpx**************************************bold**********\n# Title\n"
[PASS] J5.1-round093 :: seed=0x000000005eed1291；新操作 A=118 B=121（乱序投递）；字节 5163 == 5163：true；hash 0xac640e5e0b88cef0 / 0xac640e5e0b88cef0；文本 "wnauysqqnznhjbnjetesksohggbsnkhxspxhyxmbldukqdlulzcrabyjrlwbunbpdloyjugy rqcmismmhcqizbcyxhsttwfmricgrozatlcmskkrjkwhephlusdnckvjrgvycwtghpx****************************************bold********\n# Title\n"
[PASS] J5.1-round094 :: seed=0x000000005eed1292；新操作 A=113 B=146（乱序投递）；字节 5357 == 5357：true；hash 0x1c67744794d5fc53 / 0x1c67744794d5fc53；文本 "siaeghrjseduheftrzlwmduxewdsozmhslpwgfsusognrlvowugppodpjlxjotmmslsfajswefmsxjzs vkbmmdtuzcgwnnrwtlpbxzvbbkcemrmqxjdolcl****************************************bold************\n# Title\n"
[PASS] J5.1-round095 :: seed=0x000000005eed1293；新操作 A=128 B=138（乱序投递）；字节 5208 == 5208：true；hash 0x58064e875728a6b6 / 0x58064e875728a6b6；文本 "esiaghrrzldujseduhefxtwmewhsmlpwgfsognrrlvowugppomjlswefxjomlsfajsmxjzs ikybpmmdntucgnnrtljpbxzvbzyrmqxodolcl******************************bold**********\n# Title\n"
[PASS] J5.1-round096 :: seed=0x000000005eed1294；新操作 A=134 B=118（乱序投递）；字节 5181 == 5181：true；hash 0x47b925c8fbaaa7bf / 0x47b925c8fbaaa7bf；文本 "qmdkvxhexshtrndgnlfbwilcahxmwlaqohjoeshqipufrqofrfcfeb yyttfufjxlssovzrzessdpjmyeeyzklidasxfdbtxftbrtvxrotuewvwjiw******************************************bold******\n# Title\n"
[PASS] J5.1-round097 :: seed=0x000000005eed1295；新操作 A=134 B=114（乱序投递）；字节 5220 == 5220：true；hash 0x8daf779f38ae25ce / 0x8daf779f38ae25ce；文本 "qtmdkvxhexnshtdgrnlfbwilcnqahmwjxlajjjoaqohoehspqipufrdqoffcfeb yyvttffjxulosbsvozrzessdpjyeezykmlidasfdbtxftbxrtvxotuewvwjw****************************************bold********\n# Title\n"
[PASS] J5.1-round098 :: seed=0x000000005eed1296；新操作 A=128 B=126（乱序投递）；字节 5075 == 5075：true；hash 0xa86a4f91a248676f / 0xa86a4f91a248676f；文本 "ieabhxcavguuhvdriejxuayxtukvwtlwzetmlaswouxtllawcazeeovctnqia vfryoswcgtpxaaunvoooqbzftbtpqufovqshhnhvaiqmrubdlwdgpopecgmewzkqbdlp********bold********************************\n# Title\n"
[PASS] J5.1-round099 :: seed=0x000000005eed1297；新操作 A=127 B=124（乱序投递）；字节 5098 == 5098：true；hash 0x66b434ebc9d3e300 / 0x66b434ebc9d3e300；文本 "ibexcavahguuhdriejvxuyxtaukvwtlwzetmlaswuoxtllawczaeeiotnvciqa vfryoswcgtpxaaunvobzftbpquvshsoakohnohqtfovaqqimrubdlwdgpopecgmewlzpkqbd********bold********************************\n# Title\n"
   J5.2 种子基准 0x5eed9876：10 轮 × 3 副本 × 每副本 150 个随机动作
[PASS] J5.2-round000 :: seed=0x000000005eed9876；新操作 A=64 B=60 C=53（乱序投递）；三方字节 4180/4180/4180 相等：true；hash 0xa46e40860e21c815 / 0xa46e40860e21c815 / 0xa46e40860e21c815；文本 "rwvymogdihlsepgutkpirwrllyxwqlvkueivptlqlpwsobhf eeiwfmerwmqdijlowtsvtwollrxenitkfkjyukglqplgrmedhqtdsayqmvvfcqlvlag******************************bold**\n# Title\n"
[PASS] J5.2-round001 :: seed=0x000000005eed9877；新操作 A=53 B=61 C=67（乱序投递）；三方字节 3980/3980/3980 相等：true；hash 0x09628d90b7feb25e / 0x09628d90b7feb25e / 0x09628d90b7feb25e；文本 "rwvtygdihizsepgwkpwrkfynllqxflabvwemvzoht iwfmercwubblttgdlqmijosvtlwllrxenitkkykdrjulgmqtedhdsmvvfcqlvlagc************bold****\n# Title\n"
[PASS] J5.2-round002 :: seed=0x000000005eed9878；新操作 A=65 B=53 C=54（乱序投递）；三方字节 4243/4243/4243 相等：true；hash 0x350b124d53834756 / 0x350b124d53834756 / 0x350b124d53834756；文本 "rlubwyehfkovexmwaafsplfbmljaidtbnelmmlmyunoyjpblvbqximdooqf wiagwoelartctnfujtzpfbgnocvubvfourcxsfyiuzkkzldudqhukmcdxqyzzo**************************bold**********\n# Title\n"
[PASS] J5.2-round003 :: seed=0x000000005eed9879；新操作 A=57 B=46 C=67（乱序投递）；三方字节 4225/4225/4225 相等：true；hash 0x2f83182d3bef0cb8 / 0x2f83182d3bef0cb8 / 0x2f83182d3bef0cb8；文本 "rdyhorexfmhljaindbgelmlmyunoyyjcpmlbbqxvimoogwqf nnuhqiagwxfjzfbgocvbvdeqzyuxfeugjubtvmdourkcufikbhnuvzlukmkgulxldsxqyzuzo**********************bold**************\n# Title\n"
[PASS] J5.2-round004 :: seed=0x000000005eed987a；新操作 A=60 B=47 C=67（乱序投递）；三方字节 4202/4202/4202 相等：true；hash 0x19c1a2f5ea4135f1 / 0x19c1a2f5ea4135f1 / 0x19c1a2f5ea4135f1；文本 "svyzgfeunvtqkohnoxxypwxhhetdbcdolyyfmuwivnxbpelotaldozxzjvznfcoxsv pfwmuqnhazswbmxcopemtciohzenkryiqeawdxdxdkladflvpdlbkhazic****************************************bold****\n# Title\n"
[PASS] J5.2-round005 :: seed=0x000000005eed987b；新操作 A=56 B=63 C=57（乱序投递）；三方字节 3918/3918/3918 相等：true；hash 0xb0f3314106b771c2 / 0xb0f3314106b771c2 / 0xb0f3314106b771c2；文本 "vnzfeunvtqkohgdobnoxxyxdphhetbcdyoevohilqnylyyfmhwrivrlplohnatwdxzozjobyloern phpfcwbxcoemmoyhryixqexdawdkzlawfdazyic********************bold********\n# Title\n"
[PASS] J5.2-round006 :: seed=0x000000005eed987c；新操作 A=51 B=64 C=63（乱序投递）；三方字节 4183/4183/4183 相等：true；hash 0xbfba6a3e57c6d7d9 / 0xbfba6a3e57c6d7d9 / 0xbfba6a3e57c6d7d9；文本 "syvzfeunvtqngkohgdobxheydevoghilqnylyyfmwivhrunxbpellhrnlwtdxvznfzjoxbylaoern phwmnhzwpbtxcoemozehynryiqeawdkldvpdlicybh********************************************bold********\n# Title\n"
[PASS] J5.2-round007 :: seed=0x000000005eed987d；新操作 A=46 B=65 C=65（乱序投递）；三方字节 4106/4106/4106 相等：true；hash 0xb075c516dde1622b / 0xb075c516dde1622b / 0xb075c516dde1622b；文本 "syglnhwnoxxsygdpohbeyevhilntybcddolrurnxbpelpohnwlavznozfcoxbyloernsv pfcphwmuqnhazwpmtcioyzenrdxxdzldlvawpfldlazbkhy**************************bold**********\n# Title\n"
[PASS] J5.2-round008 :: seed=0x000000005eed987e；新操作 A=50 B=71 C=53（乱序投递）；三方字节 4114/4114/4114 相等：true；hash 0xdb80fdc7d3d4d0de / 0xdb80fdc7d3d4d0de / 0xdb80fdc7d3d4d0de；文本 "rydlubehfrkemwaalhffsblneglmbvimoogwffq nnuhqwgwoelartctnxdeqzyuxfjzfbgocvuubvftpeugjubtvmdorcxszfkizbhnuvlukkglddqhcmxlds**********************bold******\n# Title\n"
[PASS] J5.2-round009 :: seed=0x000000005eed987f；新操作 A=45 B=65 C=61（乱序投递）；三方字节 4147/4147/4147 相等：true；hash 0x1d8e27066cc5102d / 0x1d8e27066cc5102d / 0x1d8e27066cc5102d；文本 "lsubehofkrkemhxwaalfwsphbmltjaidgblmlmvyunoyyjccplbqxoff nuhqiawwolartckxtnuctpdeqzyxegjbourkuxbsnkuvzklklddqbhcludxqyzuzmos********************bold****\n# Title\n"

== 汇总 ==
用例总数 136，通过 136，失败 0
全部场景墙钟时间 2.022059841s
