    Finished `test` profile [unoptimized + debuginfo] target(s) in 0.12s
     Running unittests src/lib.rs (spikes/native-ui/candidate-egui/target/debug/deps/scholium_spike_egui-3ba5f87ec0b0e4d4)

running 11 tests
test typst_editor::session::tests::parent_death_fixture ... ok
[event] 启动完成 | revision 18 | 核心动作 17 | 预编辑事件 0 | IME 提交 0
[event] 启动完成 | revision 18 | 核心动作 17 | 预编辑事件 0 | IME 提交 0
[ime] 输入法锚点 [[8.0 85.7] - [9.5 108.7]]
test typst_editor::session::tests::exited_worker_is_detected_before_reuse ... ok
[ime] 输入法锚点 [[8.0 85.7] - [9.5 108.7]]
test typst_editor::tests::page_and_empty_slots_are_transparent_but_still_have_carets ... ok
node 2 byte 0..3 "结"
node 2 byte 3..6 "构"
node 2 byte 6..9 "渲"
node 2 byte 9..12 "染"
node 2 byte 12..15 "夹"
node 2 byte 15..18 "具"
node 2 byte 18..21 "："
node 6 byte 0..1 "a"
node 7 byte 0..1 "b"
node 9 byte 0..1 "x"
node 11 byte 0..1 "2"
node 10 byte 0..1 "1"
node 13 byte 0..1 "1"
node 17 byte 0..1 "3"
node 16 byte 0..1 "2"
node 15 byte 0..1 "y"
node 4 byte 0..0 ""
[typst-editor] Typst · revision 18 · 1 页 · 22 boxes
[typst-editor-tiles] revision=18 uploaded=70
test typst_editor::tests::compiled_editor_maps_all_fixture_text_and_rejects_stale_geometry ... ok
test typst_editor::session::tests::killing_parent_terminates_resident_process_tree ... ok
test typst_editor::tests::compiler_preserves_quoted_math_spaces_and_escaped_text ... ok
test typst_editor::session::tests::timeout_drops_session_and_next_session_can_compile ... ok
continuous_worker_ms=[19.795255, 16.514975, 14.54355, 17.6861, 18.545016, 17.049646000000003, 20.341155999999998, 14.525536, 15.685648, 13.420437, 12.863449000000001, 12.641546]
test typst_editor::incremental_tests::continuous_edits_reuse_tiles_and_skipped_results_keep_complete_scenes ... ok
test typst_editor::incremental_tests::later_page_edit_preserves_earlier_pages_and_page_removal_is_complete ... ok
source_100k lines=100000 bytes=1800031 first_layout_ms=150.98 edit_frame_ms=319.16 subsequent_edit_p95_ms=303.24 samples=30
VmHWM:	  100544 kB
test native_edit_tests::source_100k_lines_records_layout_and_local_edit_cost ... ok

thread 'preview::integration_tests::actual_preview_completes_while_ui_keeps_drawing' (78415) panicked at src/preview.rs:182:9:
assertion `left == right` failed: 预览失败（保留旧 revision）：No such file or directory (os error 2)
  left: None
 right: Some(19)
note: run with `RUST_BACKTRACE=1` environment variable to display a backtrace
test preview::integration_tests::actual_preview_completes_while_ui_keeps_drawing ... FAILED

failures:

failures:
    preview::integration_tests::actual_preview_completes_while_ui_keeps_drawing

test result: FAILED. 10 passed; 1 failed; 0 ignored; 0 measured; 19 filtered out; finished in 20.01s

error: test failed, to rerun pass `--lib`
