warning[license-not-encountered]: license was not encountered
   ┌─ /home/ation_ciger/Projects/Mogan/scholium/deny.toml:21:6
   │
21 │     "BSL-1.0",
   │      ━━━━━━━ unmatched license allowance

warning[license-not-encountered]: license was not encountered
   ┌─ /home/ation_ciger/Projects/Mogan/scholium/deny.toml:27:6
   │
27 │     "CC0-1.0",
   │      ━━━━━━━ unmatched license allowance

warning[license-not-encountered]: license was not encountered
   ┌─ /home/ation_ciger/Projects/Mogan/scholium/deny.toml:30:6
   │
30 │     "MPL-2.0",
   │      ━━━━━━━ unmatched license allowance

warning[license-not-encountered]: license was not encountered
   ┌─ /home/ation_ciger/Projects/Mogan/scholium/deny.toml:25:6
   │
25 │     "Unicode-DFS-2016",
   │      ━━━━━━━━━━━━━━━━ unmatched license allowance

licenses ok
