warning[license-not-encountered]: license was not encountered
   ┌─ /home/ation_ciger/Projects/Mogan/scholium/deny.toml:24:6
   │
24 │     "0BSD",
   │      ━━━━ unmatched license allowance

warning[license-not-encountered]: license was not encountered
   ┌─ /home/ation_ciger/Projects/Mogan/scholium/deny.toml:21:6
   │
21 │     "BSL-1.0",
   │      ━━━━━━━ unmatched license allowance

warning[license-not-encountered]: license was not encountered
   ┌─ /home/ation_ciger/Projects/Mogan/scholium/deny.toml:30:6
   │
30 │     "MPL-2.0",
   │      ━━━━━━━ unmatched license allowance

warning[license-not-encountered]: license was not encountered
   ┌─ /home/ation_ciger/Projects/Mogan/scholium/deny.toml:32:6
   │
32 │     "OFL-1.1",
   │      ━━━━━━━ unmatched license allowance

warning[license-not-encountered]: license was not encountered
   ┌─ /home/ation_ciger/Projects/Mogan/scholium/deny.toml:33:6
   │
33 │     "Ubuntu-font-1.0",
   │      ━━━━━━━━━━━━━━━ unmatched license allowance

warning[license-not-encountered]: license was not encountered
   ┌─ /home/ation_ciger/Projects/Mogan/scholium/deny.toml:25:6
   │
25 │     "Unicode-DFS-2016",
   │      ━━━━━━━━━━━━━━━━ unmatched license allowance

licenses ok
