[event] 启动完成 | revision 2578 | 核心动作 2577 | 预编辑事件 0 | IME 提交 0
[ime] 输入法锚点 [[8.0 117.0] - [9.5 145.7]]
[frame-cpu] samples=120 p95_ms=7.689 max_ms=13.771 excludes_gpu_present=true
[frame-cpu] samples=120 p95_ms=7.064 max_ms=7.892 excludes_gpu_present=true
[frame-cpu] samples=120 p95_ms=7.092 max_ms=7.803 excludes_gpu_present=true
[frame-cpu] samples=120 p95_ms=7.503 max_ms=9.429 excludes_gpu_present=true
[frame-cpu] samples=120 p95_ms=7.682 max_ms=10.013 excludes_gpu_present=true
[frame-cpu] samples=120 p95_ms=11.515 max_ms=15.186 excludes_gpu_present=true
[frame-cpu] samples=120 p95_ms=7.877 max_ms=8.217 excludes_gpu_present=true
[frame-cpu] samples=120 p95_ms=8.383 max_ms=10.667 excludes_gpu_present=true
[pointer] press=[520.4 231.6] origin=[8.0 82.0] node=30 byte=78
[pointer] press=[497.1 294.2] origin=[8.0 82.0] node=41 byte=72
[frame-cpu] samples=120 p95_ms=9.805 max_ms=13.781 excludes_gpu_present=true
[frame-cpu] samples=120 p95_ms=8.122 max_ms=10.163 excludes_gpu_present=true
[frame-cpu] samples=120 p95_ms=8.229 max_ms=8.733 excludes_gpu_present=true
[pointer] press=[449.5 264.5] origin=[8.0 82.0] node=35 byte=0
[pointer] press=[525.9 263.8] origin=[-58.0 82.0] node=35 byte=0
[frame-cpu] samples=120 p95_ms=9.745 max_ms=13.912 excludes_gpu_present=true
[pointer] press=[523.9 291.1] origin=[-58.0 82.0] node=45 byte=0
[frame-cpu] samples=120 p95_ms=10.159 max_ms=14.473 excludes_gpu_present=true
[frame-cpu] samples=120 p95_ms=11.253 max_ms=15.522 excludes_gpu_present=true
[frame-cpu] samples=120 p95_ms=8.013 max_ms=9.303 excludes_gpu_present=true
[event] 焦点 → 46 | revision 2578 | 核心动作 2577 | 预编辑事件 0 | IME 提交 0
[event] 焦点 → 45 | revision 2578 | 核心动作 2577 | 预编辑事件 0 | IME 提交 0
[frame-cpu] samples=120 p95_ms=8.364 max_ms=9.296 excludes_gpu_present=true
[frame-cpu] samples=120 p95_ms=8.403 max_ms=9.718 excludes_gpu_present=true
[frame-cpu] samples=120 p95_ms=9.380 max_ms=10.025 excludes_gpu_present=true
