    Finished `release` profile [optimized] target(s) in 0.14s
     Running `spikes/recovery/target/release/scholium-spike-recovery security`
  [PASS] 良性输入真实编译并提取签名 — Latexmk, John Collins, 15 June 2025. Version 4.87；XeTeX 3.141592653-2.6-0.999998 (TeX Live 2026/Arch Linux)
  [PASS] 良性输入真实编译并提取签名 — typst 0.15.1 沙箱 worker 编译；warnings=0；page-hash=d70c205e4267e1a5
  [PASS] 根外文件不可见且引擎正常工作 — EOF branch compiled
  [PASS] Typst 明确拒绝文件读取 — Error: Core("Typst 编译失败: file not found (searched at tmp/recovery-security-1387644-0/private.tex)")

  [PASS] shell escape 和项目 latexmkrc 均禁用 — successful compile; shell/config markers absent
  [PASS] 超时前确有可用产物 — positive control
  [PASS] 循环被墙钟上限终止且无旧产物 — Err(CommandFailed { program: "recovery sandbox", code: Some(124), stderr: "worker failed (124 = wall timeout): exit status: 124" }); elapsed=10.5680865s
  [PASS] 超时前确有可用产物 — positive control
  [PASS] 循环被墙钟上限终止且无旧产物 — Err(CommandFailed { program: "recovery sandbox", code: Some(124), stderr: "worker failed (124 = wall timeout): exit status: 124" }); elapsed=10.572776052s
  [PASS] 输出超过文件数上限时拒绝且清理产物 — Err(Core("invalid/oversized recovery output tree")); pdf_exists=false

== 逐用例汇总 ==
  [PASS] security.latex.positive            1/1 断言通过
  [PASS] security.typst.positive            1/1 断言通过
  [PASS] security.latex.outside-read        1/1 断言通过
  [PASS] security.typst.outside-read        1/1 断言通过
  [PASS] security.latex.commands            1/1 断言通过
  [PASS] security.latex.timeout             2/2 断言通过
  [PASS] security.typst.timeout             2/2 断言通过
  [PASS] security.latex.output-rejection    1/1 断言通过
