   Compiling scholium-app v0.1.0 (/home/ation_ciger/Projects/Mogan/scholium/crates/scholium-app)
    Finished `test` profile [unoptimized] target(s) in 1.52s
     Running unittests src/main.rs (target/debug/deps/scholium_app-aebbd4e76c1adb44)

running 32 tests
test session::usability_audit::editing::a01_enter_at_inline_formula_end_preserves_math ... FAILED
test session::usability_audit::editing::a02_enter_at_display_formula_end_preserves_math ... FAILED
test session::usability_audit::editing::a03_enter_inside_formula_does_not_turn_delimiters_into_text ... FAILED
test session::usability_audit::editing::a04_enter_inside_bold_preserves_formatting ... FAILED
test session::usability_audit::editing::a05_backspace_after_formula_keeps_formula_structure ... FAILED
test session::usability_audit::editing::a06_delete_before_formula_keeps_formula_structure ... FAILED
test session::usability_audit::editing::a07_paste_plain_punctuation_matches_typing ... FAILED
test session::usability_audit::editing::a08_multiline_unicode_paste_preserves_empty_last_paragraph ... ok
test session::usability_audit::editing::a09_cancelled_ime_allows_following_typing ... ok
test session::usability_audit::editing::a10_backspace_preserves_emoji_graphemes_without_geometry ... ok
test session::usability_audit::editing::a11_plain_paragraph_split_and_merge_round_trip ... ok
test session::usability_audit::editing::a12_cross_paragraph_selection_is_atomic ... ok
test session::usability_audit::editing::a13_keyboard_formula_entry_round_trips ... ok
test session::usability_audit::editing::a14_ime_commit_is_one_edit_and_preedit_is_not_saved ... ok
test session::usability_audit::editing::a15_home_end_without_geometry_stay_in_current_paragraph ... FAILED
test session::usability_audit::editing::a16_copy_cut_paste_preserves_formula_markup ... ok
test session::usability_audit::editing::a17_undo_restores_typing ... FAILED
test session::usability_audit::editing::a18_select_all_replacement_preserves_unicode ... ok
test session::usability_audit::performance::c01_measure_input_and_warm_compile_at_three_document_sizes ... ok
test session::usability_audit::rendering::b01_real_formula_glyph_click_then_enter_preserves_formula ... FAILED
test session::usability_audit::rendering::b02_pending_echo_does_not_paint_hidden_math_delimiters ... FAILED
test session::usability_audit::rendering::b03_pending_echo_does_not_paint_bold_markers ... FAILED
test session::usability_audit::rendering::b04_first_input_visible_before_any_compile ... FAILED
test session::usability_audit::rendering::b05_typing_after_enter_is_visible_before_compile ... FAILED
test session::usability_audit::rendering::b06_stale_geometry_after_deletion_keeps_surviving_line_clickable ... FAILED
test session::usability_audit::rendering::b07_stale_second_block_geometry_is_shifted_once ... FAILED
test session::usability_audit::rendering::b08_stale_unicode_click_inserts_at_clicked_position ... FAILED
test session::usability_audit::rendering::b09_arrow_right_at_formula_end_exits_math ... ok
test session::usability_audit::rendering::b10_backspace_after_formula_with_geometry_preserves_structure ... FAILED
test session::usability_audit::rendering::b11_compiled_unicode_backspace_removes_whole_grapheme ... ok
test session::usability_audit::rendering::b12_formula_compiles_and_maps_exact_token ... ok
test session::usability_audit::rendering::b13_stale_click_and_typing_in_one_frame_never_panics ... FAILED

successes:

---- session::usability_audit::performance::c01_measure_input_and_warm_compile_at_three_document_sizes stdout ----
METRIC input_frame paragraphs=1 n=40 p50_ms=2.320 p95_ms=6.978 max_ms=15.991
METRIC compile_wait paragraphs=1 n=10 p50_ms=10.193 p95_ms=10.286 max_ms=10.286
METRIC input_frame paragraphs=50 n=40 p50_ms=64.467 p95_ms=82.559 max_ms=100.667
METRIC compile_wait paragraphs=50 n=10 p50_ms=121.992 p95_ms=132.164 max_ms=132.164
METRIC input_frame paragraphs=200 n=40 p50_ms=64.846 p95_ms=81.131 max_ms=91.575
METRIC compile_wait paragraphs=200 n=10 p50_ms=1329.489 p95_ms=1365.939 max_ms=1365.939


successes:
    session::usability_audit::editing::a08_multiline_unicode_paste_preserves_empty_last_paragraph
    session::usability_audit::editing::a09_cancelled_ime_allows_following_typing
    session::usability_audit::editing::a10_backspace_preserves_emoji_graphemes_without_geometry
    session::usability_audit::editing::a11_plain_paragraph_split_and_merge_round_trip
    session::usability_audit::editing::a12_cross_paragraph_selection_is_atomic
    session::usability_audit::editing::a13_keyboard_formula_entry_round_trips
    session::usability_audit::editing::a14_ime_commit_is_one_edit_and_preedit_is_not_saved
    session::usability_audit::editing::a16_copy_cut_paste_preserves_formula_markup
    session::usability_audit::editing::a18_select_all_replacement_preserves_unicode
    session::usability_audit::performance::c01_measure_input_and_warm_compile_at_three_document_sizes
    session::usability_audit::rendering::b09_arrow_right_at_formula_end_exits_math
    session::usability_audit::rendering::b11_compiled_unicode_backspace_removes_whole_grapheme
    session::usability_audit::rendering::b12_formula_compiles_and_maps_exact_token

failures:

---- session::usability_audit::editing::a01_enter_at_inline_formula_end_preserves_math stdout ----

thread 'session::usability_audit::editing::a01_enter_at_inline_formula_end_preserves_math' (81485) panicked at crates/scholium-app/src/session/usability_audit/editing.rs:7:5:
assertion `left == right` failed
  left: [Text("$alpha")]
 right: [Math("alpha")]
note: run with `RUST_BACKTRACE=1` environment variable to display a backtrace

---- session::usability_audit::editing::a02_enter_at_display_formula_end_preserves_math stdout ----

thread 'session::usability_audit::editing::a02_enter_at_display_formula_end_preserves_math' (81486) panicked at crates/scholium-app/src/session/usability_audit/editing.rs:18:5:
assertion `left == right` failed
  left: ["\\$ alpha/2", " \\$"]
 right: ["$ alpha/2 $", ""]

---- session::usability_audit::editing::a03_enter_inside_formula_does_not_turn_delimiters_into_text stdout ----

thread 'session::usability_audit::editing::a03_enter_inside_formula_does_not_turn_delimiters_into_text' (81487) panicked at crates/scholium-app/src/session/usability_audit/editing.rs:28:9:
formula lost: [Block { node: NodeId(015097b2-b437-40a0-b1e1-35ba79a50d81), kind: Paragraph, content: [Text("$alpha")] }, Block { node: NodeId(f5c16646-926e-41ca-8625-ef1da0b8808d), kind: Paragraph, content: [Text(" + beta$")] }]

---- session::usability_audit::editing::a04_enter_inside_bold_preserves_formatting stdout ----

thread 'session::usability_audit::editing::a04_enter_inside_bold_preserves_formatting' (81488) panicked at crates/scholium-app/src/session/usability_audit/editing.rs:53:5:
assertion `left == right` failed
  left: ["\\*ab", "cd\\*"]
 right: ["*ab*", "*cd*"]

---- session::usability_audit::editing::a05_backspace_after_formula_keeps_formula_structure stdout ----

thread 'session::usability_audit::editing::a05_backspace_after_formula_keeps_formula_structure' (81489) panicked at crates/scholium-app/src/session/usability_audit/editing.rs:60:5:
["\\$alpha"]

---- session::usability_audit::editing::a06_delete_before_formula_keeps_formula_structure stdout ----

thread 'session::usability_audit::editing::a06_delete_before_formula_keeps_formula_structure' (81490) panicked at crates/scholium-app/src/session/usability_audit/editing.rs:74:5:
["alpha\\$"]

---- session::usability_audit::editing::a07_paste_plain_punctuation_matches_typing stdout ----

thread 'session::usability_audit::editing::a07_paste_plain_punctuation_matches_typing' (81491) panicked at crates/scholium-app/src/session/usability_audit/editing.rs:89:5:
assertion `left == right` failed
  left: [Text("a_b "), Strong("c"), Text(" \\path")]
 right: [Text("a_b *c* \\path")]

---- session::usability_audit::editing::a15_home_end_without_geometry_stay_in_current_paragraph stdout ----

thread 'session::usability_audit::editing::a15_home_end_without_geometry_stay_in_current_paragraph' (81499) panicked at crates/scholium-app/src/session/usability_audit/editing.rs:177:5:
assertion `left == right` failed
  left: 0
 right: 6

---- session::usability_audit::editing::a17_undo_restores_typing stdout ----

thread 'session::usability_audit::editing::a17_undo_restores_typing' (81501) panicked at crates/scholium-app/src/session/usability_audit/editing.rs:207:5:
assertion `left == right` failed: Known missing capability: no undo path
  left: ["before after"]
 right: ["before"]

---- session::usability_audit::rendering::b01_real_formula_glyph_click_then_enter_preserves_formula stdout ----

thread 'session::usability_audit::rendering::b01_real_formula_glyph_click_then_enter_preserves_formula' (81770) panicked at crates/scholium-app/src/session/usability_audit/rendering.rs:9:5:
assertion `left == right` failed
  left: ["\\$alpha", "\\$"]
 right: ["$alpha$", ""]

---- session::usability_audit::rendering::b02_pending_echo_does_not_paint_hidden_math_delimiters stdout ----

thread 'session::usability_audit::rendering::b02_pending_echo_does_not_paint_hidden_math_delimiters' (81771) panicked at crates/scholium-app/src/session/usability_audit/rendering.rs:20:5:
raw markup painted on page: "\nbefore $alpha$ tail!\n"

---- session::usability_audit::rendering::b03_pending_echo_does_not_paint_bold_markers stdout ----

thread 'session::usability_audit::rendering::b03_pending_echo_does_not_paint_bold_markers' (81772) panicked at crates/scholium-app/src/session/usability_audit/rendering.rs:31:5:
raw markup painted on page: "\nbefore *bold* tail!\n"

---- session::usability_audit::rendering::b04_first_input_visible_before_any_compile stdout ----

thread 'session::usability_audit::rendering::b04_first_input_visible_before_any_compile' (81773) panicked at crates/scholium-app/src/session/usability_audit/rendering.rs:37:5:
no geometry means no immediate input echo

---- session::usability_audit::rendering::b05_typing_after_enter_is_visible_before_compile stdout ----

thread 'session::usability_audit::rendering::b05_typing_after_enter_is_visible_before_compile' (81774) panicked at crates/scholium-app/src/session/usability_audit/rendering.rs:50:5:
new paragraph has no immediate echo

---- session::usability_audit::rendering::b06_stale_geometry_after_deletion_keeps_surviving_line_clickable stdout ----

thread 'session::usability_audit::rendering::b06_stale_geometry_after_deletion_keeps_surviving_line_clickable' (81775) panicked at crates/scholium-app/src/session/usability_audit/rendering.rs:74:9:
assertion `left == right` failed: surviving f must map to current end
  left: 0
 right: 2

---- session::usability_audit::rendering::b07_stale_second_block_geometry_is_shifted_once stdout ----

thread 'session::usability_audit::rendering::b07_stale_second_block_geometry_is_shifted_once' (81776) panicked at crates/scholium-app/src/session/usability_audit/rendering.rs:87:5:
assertion `left == right` failed: abc gained 3 bytes, second block e ends at 9
  left: 12
 right: 9

---- session::usability_audit::rendering::b08_stale_unicode_click_inserts_at_clicked_position stdout ----

thread 'session::usability_audit::rendering::b08_stale_unicode_click_inserts_at_clicked_position' (81777) panicked at crates/scholium-app/src/session/usability_audit/rendering.rs:102:5:
assertion `left == right` failed
  left: ["中abc", "def文"]
 right: ["中ab文c", "def"]

---- session::usability_audit::rendering::b10_backspace_after_formula_with_geometry_preserves_structure stdout ----

thread 'session::usability_audit::rendering::b10_backspace_after_formula_with_geometry_preserves_structure' (81779) panicked at crates/scholium-app/src/session/usability_audit/rendering.rs:123:9:
["\\$alpha"]

---- session::usability_audit::rendering::b13_stale_click_and_typing_in_one_frame_never_panics stdout ----

thread 'session::usability_audit::rendering::b13_stale_click_and_typing_in_one_frame_never_panics' (81782) panicked at crates/scholium-app/src/page_editor/input.rs:109:19:
end byte index 12 is out of bounds for string of length 10


failures:
    session::usability_audit::editing::a01_enter_at_inline_formula_end_preserves_math
    session::usability_audit::editing::a02_enter_at_display_formula_end_preserves_math
    session::usability_audit::editing::a03_enter_inside_formula_does_not_turn_delimiters_into_text
    session::usability_audit::editing::a04_enter_inside_bold_preserves_formatting
    session::usability_audit::editing::a05_backspace_after_formula_keeps_formula_structure
    session::usability_audit::editing::a06_delete_before_formula_keeps_formula_structure
    session::usability_audit::editing::a07_paste_plain_punctuation_matches_typing
    session::usability_audit::editing::a15_home_end_without_geometry_stay_in_current_paragraph
    session::usability_audit::editing::a17_undo_restores_typing
    session::usability_audit::rendering::b01_real_formula_glyph_click_then_enter_preserves_formula
    session::usability_audit::rendering::b02_pending_echo_does_not_paint_hidden_math_delimiters
    session::usability_audit::rendering::b03_pending_echo_does_not_paint_bold_markers
    session::usability_audit::rendering::b04_first_input_visible_before_any_compile
    session::usability_audit::rendering::b05_typing_after_enter_is_visible_before_compile
    session::usability_audit::rendering::b06_stale_geometry_after_deletion_keeps_surviving_line_clickable
    session::usability_audit::rendering::b07_stale_second_block_geometry_is_shifted_once
    session::usability_audit::rendering::b08_stale_unicode_click_inserts_at_clicked_position
    session::usability_audit::rendering::b10_backspace_after_formula_with_geometry_preserves_structure
    session::usability_audit::rendering::b13_stale_click_and_typing_in_one_frame_never_panics

test result: FAILED. 13 passed; 19 failed; 0 ignored; 0 measured; 50 filtered out; finished in 26.79s

error: test failed, to rerun pass `-p scholium-app --bin scholium-app`
