[event] 启动完成 | revision 18 | 核心动作 17 | 预编辑事件 0 | IME 提交 0
[typst-editor-worker] revision=18 elapsed_ms=632.074
[typst-editor] Typst · revision 18 · 1 页 · 22 boxes
[typst-editor-tiles] revision=18 uploaded=70
[event] 团队源码已应用到正文 | revision 19 | 核心动作 18 | 预编辑事件 0 | IME 提交 0
[typst-editor-worker] revision=19 elapsed_ms=19.806
[typst-editor] Typst · revision 19 · 1 页 · 25 boxes
[typst-editor-tiles] revision=19 uploaded=4
[typst-editor-worker] revision=20 elapsed_ms=19.491
[typst-editor] Typst · revision 20 · 1 页 · 28 boxes
[typst-editor-tiles] revision=20 uploaded=5
[typst-editor-worker] revision=21 elapsed_ms=20.970
[typst-editor] Typst · revision 21 · 1 页 · 31 boxes
[typst-editor-tiles] revision=21 uploaded=5
[event] 提交被拒，草稿保留：NetworkUnreachable(actor=Alice) | revision 21 | 核心动作 20 | 预编辑事件 0 | IME 提交 0
[event] 提交被拒，草稿保留：切换等待确认：新提交已冻结，草稿保留 | revision 21 | 核心动作 20 | 预编辑事件 0 | IME 提交 0
[event] 提交被拒，草稿保留：SourceEpochStale(got=1, current=2) | revision 21 | 核心动作 20 | 预编辑事件 0 | IME 提交 0
[event] 提交被拒，草稿保留：DialectNotActive(active=typst, requested=latex) | revision 21 | 核心动作 20 | 预编辑事件 0 | IME 提交 0
[event] 团队源码已应用到正文 | revision 22 | 核心动作 21 | 预编辑事件 0 | IME 提交 0
[typst-editor-worker] revision=22 elapsed_ms=19.983
[typst-editor] Typst · revision 22 · 1 页 · 36 boxes
[typst-editor-tiles] revision=22 uploaded=6
