   Compiling proc-macro2 v1.0.107
   Compiling unicode-ident v1.0.24
   Compiling quote v1.0.47
   Compiling cfg-if v1.0.4
   Compiling libc v0.2.189
   Compiling serde_core v1.0.229
   Compiling memchr v2.8.3
   Compiling autocfg v1.5.1
   Compiling bitflags v2.13.2
   Compiling typeid v1.0.3
   Compiling erased-serde v0.4.10
   Compiling libm v0.2.16
   Compiling pin-project-lite v0.2.17
   Compiling once_cell v1.21.4
   Compiling futures-core v0.3.34
   Compiling version_check v0.9.5
   Compiling smallvec v1.16.1
   Compiling equivalent v1.0.2
   Compiling hashbrown v0.17.1
   Compiling crossbeam-utils v0.8.23
   Compiling shlex v2.0.1
   Compiling find-msvc-tools v0.1.12
   Compiling futures-io v0.3.34
   Compiling rustix v1.1.4
   Compiling slab v0.4.12
   Compiling cc v1.4.6
   Compiling linux-raw-sys v0.12.1
   Compiling stable_deref_trait v1.2.1
   Compiling typenum v1.20.1
   Compiling parking v2.2.1
   Compiling zerocopy v0.8.57
   Compiling arrayvec v0.7.8
   Compiling fastrand v2.5.0
   Compiling serde v1.0.229
   Compiling rustversion v1.0.23
   Compiling futures-sink v0.3.34
   Compiling cfg_aliases v0.2.2
   Compiling pkg-config v0.3.34
   Compiling atomic-waker v1.1.2
   Compiling num-traits v0.2.19
   Compiling futures-lite v2.6.1
   Compiling event-listener v5.4.2
   Compiling simd-adler32 v0.3.10
   Compiling generic-array v0.14.7
   Compiling libloading v0.8.9
   Compiling itoa v1.0.18
   Compiling concurrent-queue v2.5.0
   Compiling event-listener-strategy v0.5.4
   Compiling adler2 v2.0.1
   Compiling async-io v2.6.0
   Compiling futures-channel v0.3.34
   Compiling async-task v4.7.1
   Compiling litemap v0.8.3
   Compiling crc32fast v1.5.2
   Compiling syn v3.0.5
   Compiling syn v2.0.119
   Compiling writeable v0.6.4
   Compiling winnow v1.0.4
   Compiling async-channel v2.5.0
   Compiling scopeguard v1.2.0
   Compiling bytes v1.12.1
   Compiling futures-task v0.3.34
   Compiling icu_properties_data v2.3.0
   Compiling icu_normalizer_data v2.3.0
   Compiling utf8_iter v1.0.4
   Compiling miniz_oxide v0.9.1
   Compiling piper v0.2.5
   Compiling either v1.18.0
   Compiling thiserror v2.0.20
   Compiling blocking v1.7.0
   Compiling async-lock v3.4.2
   Compiling crossbeam-epoch v0.9.21
   Compiling subtle v2.6.1
   Compiling toml_datetime v1.1.1+spec-1.1.0
   Compiling dlib v0.5.3
   Compiling aho-corasick v1.1.5
   Compiling tracing-core v0.1.36
   Compiling heck v0.5.0
   Compiling thiserror v1.0.69
   Compiling unicase v2.9.0
   Compiling crossbeam-deque v0.8.8
   Compiling flate2 v1.1.10
   Compiling percent-encoding v2.3.2
   Compiling async-executor v1.14.0
   Compiling num-integer v0.1.47
   Compiling hybrid-array v0.4.15
   Compiling wayland-sys v0.31.11
   Compiling form_urlencoded v1.2.2
   Compiling getrandom v0.4.3
   Compiling rayon-core v1.13.0
   Compiling anyhow v1.0.104
   Compiling wayland-backend v0.3.17
   Compiling ring v0.17.14
   Compiling lock_api v0.4.14
   Compiling getrandom v0.2.17
   Compiling errno v0.3.14
   Compiling toml_parser v1.1.3+spec-1.1.0
   Compiling socket2 v0.6.5
   Compiling mio v1.2.3
   Compiling zmij v1.0.23
   Compiling signal-hook-registry v1.4.8
   Compiling endi v1.1.1
   Compiling log v0.4.34
   Compiling rand_core v0.6.4
   Compiling num-bigint v0.4.8
   Compiling block-buffer v0.10.4
   Compiling http v1.5.0
   Compiling crypto-common v0.1.7
   Compiling bstr v1.13.1
   Compiling quick-xml v0.41.0
   Compiling block-buffer v0.12.1
   Compiling crypto-common v0.2.2
   Compiling tokio v1.53.1
   Compiling slotmap v1.1.1
   Compiling object v0.39.1
   Compiling unicode-width v0.2.2
   Compiling termcolor v1.4.1
   Compiling downcast-rs v1.2.1
   Compiling same-file v1.0.6
   Compiling wayland-client v0.31.15
   Compiling scoped-tls v1.0.1
   Compiling const-oid v0.10.2
   Compiling getrandom v0.3.4
   Compiling tinyvec v1.13.3
   Compiling walkdir v2.5.0
   Compiling digest v0.10.7
   Compiling serde_fmt v1.1.0
   Compiling indexmap v2.14.2
   Compiling regex-syntax v0.8.11
   Compiling httparse v1.10.1
   Compiling foldhash v0.1.5
   Compiling paste v1.0.15
   Compiling mime v0.3.17
   Compiling untrusted v0.9.0
   Compiling wayland-scanner v0.31.11
   Compiling digest v0.11.3
   Compiling crunchy v0.2.4
   Compiling value-bag-serde1 v1.14.1
   Compiling num-rational v0.4.2
   Compiling value-bag v1.14.1
   Compiling rustix v0.38.44
   Compiling rustc-hash v1.1.0
   Compiling cpufeatures v0.3.1
   Compiling bit-vec v0.8.0
   Compiling sha2 v0.11.0
   Compiling toml_edit v0.25.15+spec-1.1.0
   Compiling bit-set v0.8.0
   Compiling hashbrown v0.15.5
   Compiling http-body v1.1.0
   Compiling rayon v1.12.0
   Compiling memmap2 v0.9.11
   Compiling euclid v0.22.14
   Compiling mime_guess v2.0.5
   Compiling async-fs v2.2.0
   Compiling regex-automata v0.4.18
   Compiling encoding_rs v0.8.41
   Compiling proc-macro-crate v3.5.0
   Compiling miniz_oxide v0.8.9
   Compiling roxmltree v0.20.0
   Compiling rustls v0.23.45
   Compiling hexf-parse v0.2.1
   Compiling semver v1.0.28
   Compiling rustc-hash v2.1.3
   Compiling synstructure v0.14.0
   Compiling try-lock v0.2.5
   Compiling linux-raw-sys v0.4.15
   Compiling ash v0.38.0+1.3.281
   Compiling tiny-keccak v2.0.2
   Compiling fnv v1.0.7
   Compiling want v0.3.1
   Compiling rustc_version v0.4.1
   Compiling rand_core v0.9.5
   Compiling fontconfig-parser v0.5.8
   Compiling spin v0.9.9
   Compiling block-padding v0.3.3
   Compiling itertools v0.14.0
   Compiling core_maths v0.1.1
   Compiling fdeflate v0.3.7
   Compiling nix v0.31.3
   Compiling as-slice v0.2.1
   Compiling serde_json v1.0.151
   Compiling unicode-properties v0.1.4
   Compiling compression-core v0.4.33
   Compiling built v0.8.1
   Compiling ref-cast v1.0.27
   Compiling syn v1.0.109
   Compiling tower-service v0.3.3
   Compiling ryu v1.0.23
   Compiling unicode-script v0.5.8
   Compiling av-scenechange v0.14.1
   Compiling deflate64 v0.1.12
   Compiling float-cmp v0.9.0
   Compiling polling v3.11.0
   Compiling multiversion_no_op v1.0.0
   Compiling parking_lot_core v0.9.12
   Compiling simdutf8 v0.1.5
   Compiling core_detect v1.0.0
   Compiling sha1_smol v1.0.1
   Compiling rav1e v0.8.1
   Compiling compression-codecs v0.4.42
   Compiling serde_derive v1.0.229
   Compiling bytemuck_derive v1.12.1
   Compiling zerofrom-derive v0.1.8
   Compiling yoke-derive v0.8.3
   Compiling zerovec-derive v0.11.6
   Compiling displaydoc v0.2.7
   Compiling thiserror-impl v2.0.20
   Compiling futures-macro v0.3.34
   Compiling zerocopy-derive v0.8.57
   Compiling zeroize_derive v1.5.0
   Compiling tracing-attributes v0.1.31
   Compiling enumflags2_derive v0.7.12
   Compiling futures-util v0.3.34
   Compiling thiserror-impl v1.0.69
   Compiling async-signal v0.2.14
   Compiling equator-macro v0.4.2
   Compiling zeroize v1.9.0
   Compiling bytemuck v1.25.2
   Compiling async-process v2.5.0
   Compiling strum_macros v0.26.4
   Compiling zerofrom v0.1.8
   Compiling yoke v0.8.3
   Compiling rustls-pki-types v1.15.1
   Compiling tokio-util v0.7.19
   Compiling pin-project-internal v1.1.13
   Compiling async-net v2.0.0
   Compiling multiversion-macros v0.9.0
   Compiling num-complex v0.4.6
   Compiling zerovec v0.11.8
   Compiling zerotrie v0.2.5
   Compiling equator v0.4.2
   Compiling rustls-webpki v0.103.15
   Compiling ar_archive_writer v0.5.3
   Compiling profiling-procmacros v1.0.18
   Compiling tracing v0.1.44
   Compiling aligned-vec v0.6.4
   Compiling globset v0.4.20
   Compiling font-types v0.12.5
   Compiling tinystr v0.8.4
   Compiling potential_utf v0.1.6
   Compiling v_frame v0.3.9
   Compiling h2 v0.4.19
   Compiling profiling v1.0.18
   Compiling icu_collections v2.3.0
   Compiling icu_locale_core v2.3.0
   Compiling async-recursion v1.1.1
   Compiling rust-embed-utils v8.12.0
   Compiling pin-project v1.1.13
   Compiling multiversion v0.9.0
   Compiling arg_enum_proc_macro v0.3.4
   Compiling uuid v1.26.1
   Compiling serde_repr v0.1.21
   Compiling ref-cast-impl v1.0.27
   Compiling psm v0.1.32
   Compiling async-trait v0.1.92
   Compiling strict-num v0.1.1
   Compiling aligned v0.4.3
   Compiling ttf-parser v0.25.1
   Compiling inout v0.1.4
   Compiling pathfinder_simd v0.5.6
   Compiling serde_derive_internals v0.30.0
   Compiling lyon_geom v1.0.19
   Compiling freetype-sys v0.20.1
   Compiling icu_provider v2.3.1
   Compiling strum v0.26.3
   Compiling yeslogic-fontconfig-sys v6.0.1
   Compiling async-broadcast v0.7.2
   Compiling nom v8.0.0
   Compiling no_std_io2 v0.9.4
   Compiling icu_normalizer v2.3.0
   Compiling icu_properties v2.3.0
   Compiling naga v25.0.1
   Compiling futures-executor v0.3.34
   Compiling nix v0.29.0
   Compiling pulp v0.22.3
   Compiling gpu-alloc-types v0.3.1
   Compiling zvariant_utils v4.2.0
   Compiling zcheapstr v1.1.0
   Compiling enumflags2 v0.7.12
   Compiling ordered-stream v0.2.0
   Compiling quick-error v2.0.1
   Compiling base64 v0.22.1
   Compiling openssl-probe v0.2.1
   Compiling pastey v0.1.1
   Compiling hex v0.4.3
   Compiling serde_json_lenient v0.2.4
   Compiling y4m v0.8.0
   Compiling arrayref v0.3.9
   Compiling xcursor v0.3.11
   Compiling event-listener v2.5.3
   Compiling cpufeatures v0.2.17
   Compiling as-raw-xcb-connection v1.0.1
   Compiling tiny-skia-path v0.11.4
   Compiling async-channel v1.9.0
   Compiling rustls-native-certs v0.8.4
   Compiling schemars_derive v1.2.2
   Compiling futures v0.3.34
   Compiling lyon_path v1.0.19
   Compiling rust-embed-impl v8.12.0
   Compiling bitstream-io v4.10.0
   Compiling const-random-macro v0.1.16
   Compiling cipher v0.4.4
   Compiling idna_adapter v1.2.2
   Compiling read-fonts v0.41.0
   Compiling rgb v0.8.53
   Compiling idna v1.1.0
   Compiling num-derive v0.4.2
   Compiling async-global-executor v2.4.1
   Compiling async-compression v0.4.47
   Compiling maybe-rayon v0.1.1
   Compiling gethostname v1.1.0
   Compiling lazy_static v1.5.0
   Compiling url v2.5.8
   Compiling hyper v1.11.1
   Compiling kv-log-macro v1.0.7
   Compiling zvariant_derive v5.15.0
   Compiling hmac v0.12.1
   Compiling codespan-reporting v0.12.0
   Compiling dirs-sys v0.3.7
   Compiling zvariant v5.15.0
   Compiling num-iter v0.1.46
   Compiling stacker v0.1.25
   Compiling simd_helpers v0.1.0
   Compiling proc-macro-error-attr2 v2.0.0
   Compiling kurbo v0.11.3
   Compiling ahash v0.8.12
   Compiling spirv v0.3.0+sdk-1.3.268.0
   Compiling raw-cpuid v11.6.0
   Compiling sync_wrapper v1.0.2
   Compiling raw-window-handle v0.6.2
   Compiling siphasher v1.0.3
   Compiling xim-parser v0.2.2
   Compiling bitflags v1.3.2
   Compiling unicode-ccc v0.4.0
   Compiling new_debug_unreachable v1.0.6
   Compiling num-bigint-dig v0.8.6
   Compiling fastrand v1.9.0
   Compiling weezl v0.1.12
   Compiling waker-fn v1.2.0
   Compiling ppv-lite86 v0.2.21
   Compiling half v2.7.1
   Compiling x11rb-protocol v0.13.2
   Compiling av1-grain v0.2.5
   Compiling tokio-rustls v0.26.5
   Compiling pin-utils v0.1.0
   Compiling dyn-clone v1.0.20
   Compiling imgref v1.12.3
   Compiling rand_chacha v0.9.0
   Compiling hyper-util v0.1.20
   Compiling rand_chacha v0.3.1
   Compiling option-ext v0.2.0
   Compiling noop_proc_macro v0.3.0
   Compiling unicode-bidi v0.3.18
   Compiling unicode-bidi-mirroring v0.4.0
   Compiling tower-layer v0.3.3
   Compiling reborrow v0.5.5
   Compiling rand v0.9.5
   Compiling home v0.5.12
   Compiling zune-core v0.5.3
   Compiling pulp-wasm-simd-flag v0.1.1
   Compiling which v6.0.3
   Compiling zune-jpeg v0.5.15
   Compiling tower v0.5.3
   Compiling rand v0.8.8
   Compiling rustybuzz v0.20.1
   Compiling dirs-sys v0.4.1
   Compiling loop9 v0.1.5
   Compiling svgtypes v0.15.3
   Compiling schemars v1.2.2
   Compiling async-std v1.13.2
   Compiling futures-lite v1.13.0
   Compiling png v0.17.16
   Compiling hyper-rustls v0.27.9
   Compiling zbus_names v4.3.4
   Compiling proc-macro-error2 v2.0.1
   Compiling command-fds v0.3.3
   Compiling dirs v4.0.0
   Compiling async_zip v0.0.17
   Compiling fontdb v0.23.0
   Compiling rust-embed v8.12.0
   Compiling hidden-trait v0.1.2
   Compiling parking_lot v0.12.5
   Compiling const-random v0.1.18
   Compiling zbus_macros v5.19.0
   Compiling sha2 v0.10.9
   Compiling gpu-alloc v0.6.2
   Compiling serde_urlencoded v0.7.1
   Compiling tokio-socks v0.5.3
   Compiling smol v2.0.2
   Compiling rustls-pemfile v2.2.0
   Compiling regex v1.13.1
   Compiling tempfile v3.27.0
   Compiling gpui_collections v0.2.2
   Compiling simplecss v0.2.2
   Compiling http-body-util v0.1.5
   Compiling xattr v0.2.3
   Compiling filetime v0.2.29
   Compiling zune-inflate v0.2.54
   Compiling avif-serialize v0.8.9
   Compiling is-docker v0.2.0
   Compiling color_quant v1.1.0
   Compiling xmlwriter v0.1.0
   Compiling lebe v0.5.3
   Compiling data-url v0.3.2
   Compiling byteorder-lite v0.1.0
   Compiling unicode-ccc v0.2.0
   Compiling mint v0.5.9
   Compiling zed-font-kit v0.14.1-zed
   Compiling zeno v0.3.3
   Compiling ttf-parser v0.21.1
   Compiling ipnet v2.12.2
   Compiling bit_field v0.10.3
   Compiling ttf-parser v0.20.0
   Compiling take-until v0.2.0
   Compiling dtor-proc-macro v0.0.5
   Compiling convert_case v0.4.0
   Compiling unicode-bidi-mirroring v0.2.0
   Compiling yazi v0.2.1
   Compiling unicode-segmentation v1.13.3
   Compiling unicode-vo v0.1.0
   Compiling float_next_after v1.0.0
   Compiling dunce v1.0.5
   Compiling pxfm v0.1.30
   Compiling pico-args v0.5.0
   Compiling fax v0.2.7
   Compiling imagesize v0.13.0
   Compiling shlex v1.3.0
   Compiling dtor v0.0.6
   Compiling derive_more v0.99.20
   Compiling lyon_tessellation v1.0.22
   Compiling gpui_util v0.2.2
   Compiling usvg v0.45.1
   Compiling tiff v0.11.3
   Compiling zed-async-tar v0.5.0-zed
   Compiling zed-reqwest v0.12.15-zed
   Compiling image-webp v0.2.4
   Compiling zbus v5.19.0
   Compiling skrifa v0.44.0
   Compiling exr v1.74.2
   Compiling gif v0.14.2
   Compiling ravif v0.13.0
   Compiling fontdb v0.16.2
   Compiling rustybuzz v0.14.1
   Compiling is-wsl v0.4.0
   Compiling gpui_perf v0.2.2
   Compiling pathfinder_geometry v0.5.1
   Compiling stacksafe-macro v0.1.4
   Compiling tiny-skia v0.11.4
   Compiling dirs v5.0.1
   Compiling num v0.4.3
   Compiling hkdf v0.12.4
   Compiling pbkdf2 v0.12.2
   Compiling lyon_algorithms v1.0.21
   Compiling cbc v0.1.2
   Compiling moxcms v0.8.1
   Compiling aes v0.8.4
   Compiling xim-ctext v0.3.0
   Compiling swash v0.2.10
   Compiling wayland-protocols v0.32.13
   Compiling wayland-protocols v0.31.2
   Compiling calloop v0.13.0
   Compiling qoi v0.4.1
   Compiling strum_macros v0.27.2
   Compiling gpui_derive_refineable v0.2.2
   Compiling png v0.18.1
   Compiling md-5 v0.10.6
   Compiling nanorand v0.7.0
   Compiling gpu-alloc-ash v0.7.1
   Compiling ash-window v0.13.0
   Compiling crossbeam-queue v0.3.14
   Compiling blade-graphics v0.7.1
   Compiling sys-locale v0.3.2
   Compiling unicode-linebreak v0.1.5
   Compiling svg_fmt v0.4.5
   Compiling float-ord v0.3.2
   Compiling pollster v0.2.5
   Compiling byteorder v1.5.0
   Compiling atomic v0.5.3
   Compiling xkeysym v0.2.1
   Compiling self_cell v1.3.0
   Compiling static_assertions v1.1.0
   Compiling hashbrown v0.14.5
   Compiling smol_str v0.2.2
   Compiling grid v0.18.0
   Compiling ctor-proc-macro v0.0.6
   Compiling rangemap v1.8.0
   Compiling taffy v0.9.0
   Compiling xkbcommon v0.8.0
   Compiling postage v0.5.0
   Compiling ctor v0.4.3
   Compiling cosmic-text v0.14.2
   Compiling etagere v0.2.15
   Compiling blade-util v0.3.0
   Compiling gpui_refineable v0.2.2
   Compiling flume v0.11.1
   Compiling calloop-wayland-source v0.3.0
   Compiling resvg v0.45.1
   Compiling lyon v1.0.19
   Compiling gpui_http_client v0.2.2
   Compiling stacksafe v0.1.4
   Compiling gpui_util_macros v0.2.2
   Compiling strum v0.27.2
   Compiling open v5.4.4
   Compiling wayland-cursor v0.31.14
   Compiling gpui_semantic_version v0.2.2
   Compiling gpui v0.2.2
   Compiling filedescriptor v0.8.3
   Compiling blade-macros v0.3.0
   Compiling gpui-macros v0.2.2
   Compiling gpui_sum_tree v0.2.2
   Compiling num_cpus v1.17.0
   Compiling seahash v4.1.0
   Compiling inventory v0.3.24
   Compiling x11rb v0.13.2
   Compiling scholium-spike-core v0.0.0 (/home/ation_ciger/Projects/Mogan/scholium/spikes/native-ui/core)
   Compiling image v0.25.10
   Compiling ashpd v0.12.3
   Compiling wayland-protocols-plasma v0.2.0
   Compiling zed-xim v0.4.0-zed
   Compiling x11-clipboard v0.9.3
   Compiling ashpd v0.11.1
   Compiling oo7 v0.5.0
   Compiling scholium-spike-gpui v0.0.0 (/home/ation_ciger/Projects/Mogan/scholium/spikes/native-ui/candidate-gpui)
    Finished `dev` profile [unoptimized + debuginfo] target(s) in 1m 00s
warning: the following packages contain code that will be rejected by a future version of Rust: proc-macro-error2 v2.0.1
note: to see what the problems were, use the option `--future-incompat-report`, or run `cargo report future-incompatibilities --id 1`
