error[unmaintained]: Bincode is unmaintained
   ┌─ /home/ation_ciger/Projects/Mogan/scholium/Cargo.lock:34:1
   │
34 │ bincode 1.3.3 registry+https://github.com/rust-lang/crates.io-index
   │ ━━━━━━━━━━━━━━━━━━━━━━━━━━━━━━━━━━━━━━━━━━━━━━━━━━━━━━━━━━━━━━━━━━━ unmaintained advisory detected
   │
   ├ ID: RUSTSEC-2025-0141
   ├ Advisory: https://rustsec.org/advisories/RUSTSEC-2025-0141
   ├ Due to a doxxing and harassment incident, the bincode team has taken the decision to cease development permanently.

     The team considers version 1.3.3 a complete version of bincode that is not in need of any updates.

     ## Alternatives to consider

     * [wincode](https://crates.io/crates/wincode)
     * [postcard](https://crates.io/crates/postcard)
     * [bitcode](https://crates.io/crates/bitcode)
     * [rkyv](https://crates.io/crates/rkyv)
   ├ Announcement: https://git.sr.ht/~stygianentity/bincode/tree/v3.0/item/README.md
   ├ Solution: No safe upgrade is available!
   ├ bincode v1.3.3
     └── syntect v5.3.0
         ├── two-face v0.4.5
         │   └── typst-library v0.15.1
         │       ├── typst v0.15.1
         │       │   └── scholium-typst v0.1.0
         │       │       └── scholium-app v0.1.0
         │       ├── typst-eval v0.15.1
         │       │   └── typst v0.15.1 (*)
         │       ├── typst-html v0.15.1
         │       │   ├── typst v0.15.1 (*)
         │       │   └── typst-realize v0.15.1
         │       │       └── typst v0.15.1 (*)
         │       ├── typst-kit v0.15.1
         │       │   └── scholium-typst v0.1.0 (*)
         │       ├── typst-layout v0.15.1
         │       │   ├── scholium-typst v0.1.0 (*)
         │       │   ├── typst v0.15.1 (*)
         │       │   ├── typst-render v0.15.1
         │       │   │   └── scholium-typst v0.1.0 (*)
         │       │   └── typst-svg v0.15.1
         │       │       └── typst-html v0.15.1 (*)
         │       ├── typst-realize v0.15.1 (*)
         │       ├── typst-render v0.15.1 (*)
         │       └── typst-svg v0.15.1 (*)
         └── typst-library v0.15.1 (*)

error[unmaintained]: paste - no longer maintained
    ┌─ /home/ation_ciger/Projects/Mogan/scholium/Cargo.lock:216:1
    │
216 │ paste 1.0.15 registry+https://github.com/rust-lang/crates.io-index
    │ ━━━━━━━━━━━━━━━━━━━━━━━━━━━━━━━━━━━━━━━━━━━━━━━━━━━━━━━━━━━━━━━━━━ unmaintained advisory detected
    │
    ├ ID: RUSTSEC-2024-0436
    ├ Advisory: https://rustsec.org/advisories/RUSTSEC-2024-0436
    ├ The creator of the crate `paste` has stated in the [`README.md`](https://github.com/dtolnay/paste/blob/master/README.md)
      that this project is not longer maintained as well as archived the repository

      ## Possible Alternative(s)

      - [`pastey`]: a fork of paste and is aimed to be a drop-in replacement with additional features for paste crate
      - [`with_builtin_macros`]: crate providing a [superset of `paste`'s functionality including general `macro_rules!` eager expansions](https://docs.rs/with_builtin_macros/0.1.0/with_builtin_macros/macro.with_eager_expansions.html)  and `concat!`/`concat_idents!` macros

      [`pastey`]: https://crates.io/crates/pastey
      [`with_builtin_macros`]: https://crates.io/crates/with_builtin_macros
    ├ Announcement: https://github.com/dtolnay/paste
    ├ Solution: No safe upgrade is available!
    ├ paste v1.0.15
      ├── biblatex v0.12.0
      │   └── hayagriva v0.10.1
      │       └── typst-library v0.15.1
      │           ├── typst v0.15.1
      │           │   └── scholium-typst v0.1.0
      │           │       └── scholium-app v0.1.0
      │           ├── typst-eval v0.15.1
      │           │   └── typst v0.15.1 (*)
      │           ├── typst-html v0.15.1
      │           │   ├── typst v0.15.1 (*)
      │           │   └── typst-realize v0.15.1
      │           │       └── typst v0.15.1 (*)
      │           ├── typst-kit v0.15.1
      │           │   └── scholium-typst v0.1.0 (*)
      │           ├── typst-layout v0.15.1
      │           │   ├── scholium-typst v0.1.0 (*)
      │           │   ├── typst v0.15.1 (*)
      │           │   ├── typst-render v0.15.1
      │           │   │   └── scholium-typst v0.1.0 (*)
      │           │   └── typst-svg v0.15.1
      │           │       └── typst-html v0.15.1 (*)
      │           ├── typst-realize v0.15.1 (*)
      │           ├── typst-render v0.15.1 (*)
      │           └── typst-svg v0.15.1 (*)
      └── hayagriva v0.10.1 (*)

error[vulnerability]: Quadratic run time when checking a start tag for duplicate attribute names
    ┌─ /home/ation_ciger/Projects/Mogan/scholium/Cargo.lock:245:1
    │
245 │ quick-xml 0.38.4 registry+https://github.com/rust-lang/crates.io-index
    │ ━━━━━━━━━━━━━━━━━━━━━━━━━━━━━━━━━━━━━━━━━━━━━━━━━━━━━━━━━━━━━━━━━━━━━━ security vulnerability detected
    │
    ├ ID: RUSTSEC-2026-0194
    ├ Advisory: https://rustsec.org/advisories/RUSTSEC-2026-0194
    ├ `BytesStart::attributes()` returns an `Attributes` iterator which, by default
      (`with_checks(true)`), rejects a start tag that repeats an attribute name. For
      each attribute yielded, the iterator compared the new name against every name
      seen so far in the same tag using a linear scan, so a start tag with `N`
      distinct attribute names cost `O(N²)` byte comparisons. There was no bound on
      `N` other than the size of the buffered start tag.

      ## Impact

      Any code that parses untrusted XML and iterates a start tag's attributes with
      the default duplicate check enabled can be made to spend CPU time quadratic in
      the number of attributes on a single tag. Because the check is pure computation
      with no `.await`/I/O, an I/O-based timeout on the consumer (for example a read
      or request timeout) cannot interrupt it while it runs.

      Measured cost of a single start tag, release build:

      | Attributes on one tag | Time |
      |---|---|
      | 80,000  | ~6 s   |
      | 800,000 | ~10 min |

      The cost grows with the square of the attribute count, so a start tag of a few
      tens of megabytes can stall a parsing thread for hours. No memory is exhausted
      and the parser does not crash; the effect is CPU exhaustion on the thread doing
      the parsing: a single crafted start tag can pin a CPU core for minutes to hours,
      denying service to that worker. A deployment that places a wall-clock bound on
      parsing, or confines it to a non-critical thread, may consider the availability
      impact lower.

      ## Affected code paths

      * `BytesStart::attributes()` / `Attributes` iterated with checks enabled (the
        default), and `BytesStart::try_get_attribute`.
      * `NsReader`, which resolves namespaces by iterating a tag's attributes and so
        reaches the same check internally.

      Consumers that iterate attributes with `.attributes().with_checks(false)` and do
      not use `NsReader` are not affected.

      This was reported as reachable by a remote, unauthenticated attacker in a
      real-world RPKI relying party (NLnet Labs Routinator) via a crafted RRDP
      `snapshot.xml`.

      ## Remediation

      Upgrade to `quick-xml >= 0.41.0`, where the duplicate check keeps the linear
      scan for start tags with a small number of attributes and switches to an `O(1)`
      hash pre-filter above a threshold, making the whole tag `O(N)`. The reported
      `AttrError::Duplicated` positions are unchanged.

      If upgrading is not possible and duplicate-name detection is not required,
      disable it with `.attributes().with_checks(false)` (this does not help
      `NsReader` consumers, which have no equivalent opt-out before 0.41.0).
    ├ Announcement: https://github.com/tafia/quick-xml/issues/969
    ├ Solution: Upgrade to >=0.41.0 (try `cargo update -p quick-xml`)
    ├ quick-xml v0.38.4
      └── citationberg v0.7.0
          └── hayagriva v0.10.1
              └── typst-library v0.15.1
                  ├── typst v0.15.1
                  │   └── scholium-typst v0.1.0
                  │       └── scholium-app v0.1.0
                  ├── typst-eval v0.15.1
                  │   └── typst v0.15.1 (*)
                  ├── typst-html v0.15.1
                  │   ├── typst v0.15.1 (*)
                  │   └── typst-realize v0.15.1
                  │       └── typst v0.15.1 (*)
                  ├── typst-kit v0.15.1
                  │   └── scholium-typst v0.1.0 (*)
                  ├── typst-layout v0.15.1
                  │   ├── scholium-typst v0.1.0 (*)
                  │   ├── typst v0.15.1 (*)
                  │   ├── typst-render v0.15.1
                  │   │   └── scholium-typst v0.1.0 (*)
                  │   └── typst-svg v0.15.1
                  │       └── typst-html v0.15.1 (*)
                  ├── typst-realize v0.15.1 (*)
                  ├── typst-render v0.15.1 (*)
                  └── typst-svg v0.15.1 (*)

error[vulnerability]: Unbounded namespace-declaration allocation in `NsReader` enables memory-exhaustion denial of service
    ┌─ /home/ation_ciger/Projects/Mogan/scholium/Cargo.lock:245:1
    │
245 │ quick-xml 0.38.4 registry+https://github.com/rust-lang/crates.io-index
    │ ━━━━━━━━━━━━━━━━━━━━━━━━━━━━━━━━━━━━━━━━━━━━━━━━━━━━━━━━━━━━━━━━━━━━━━ security vulnerability detected
    │
    ├ ID: RUSTSEC-2026-0195
    ├ Advisory: https://rustsec.org/advisories/RUSTSEC-2026-0195
    ├ `NsReader` resolves namespaces by calling `NamespaceResolver::push` for every
      `Start`/`Empty` event *before* the event is returned to the caller. `push`
      iterated all `xmlns` / `xmlns:*` attributes on the start tag and, for each one,
      appended the prefix bytes to an internal buffer and pushed a `NamespaceBinding`
      (32 bytes on 64-bit) to an internal `Vec`, with no upper bound on the number of
      declarations.

      ## Impact

      A start tag with `N` namespace declarations drove roughly `3×` the tag's byte
      size in `NamespaceResolver` heap, allocated *inside* `quick-xml` before the
      `NsReader` consumer ever received the event and could inspect or reject it. A
      consumer that bounds its *input* size therefore still cannot bound this
      allocation: an `M`-byte start tag yields on the order of `3 × M` bytes of
      resolver heap the caller never sees.

      On untrusted XML this lets a remote, unauthenticated attacker force large heap
      allocations with a single start tag. With several `NsReader`s running
      concurrently on independent inputs (a common server pattern), the allocations
      stack and can exhaust process memory, causing the operating system to kill the
      process (OOM). This was confirmed against a real-world RPKI relying party (NLnet
      Labs Routinator), where concurrent RRDP validation workers parsing a crafted
      `snapshot.xml` exceeded the memory limit and the process was OOM-killed.

      ## Affected code paths

      Consumers using `NsReader` (which always calls `NamespaceResolver::push` before
      yielding `Start`/`Empty`), or calling `NamespaceResolver::push` directly. A plain
      `Reader` that does not perform namespace resolution is not affected.

      ## Remediation

      Upgrade to `quick-xml >= 0.41.0`. `NamespaceResolver::push` now rejects a start
      tag that declares more than `DEFAULT_MAX_DECLARATIONS_PER_ELEMENT` (256)
      namespace bindings, returning the new `NamespaceError::TooManyDeclarations`
      instead of allocating without limit. The limit is configurable via
      `NamespaceResolver::set_max_declarations_per_element` (use `usize::MAX` to
      restore the previous unbounded behavior), and `NsReader::resolver_mut()` is
      provided to reach it.

      There is no clean workaround for `NsReader` consumers before 0.41.0, as the
      allocation happens inside the reader with no configuration knob to cap it.
    ├ Announcement: https://github.com/tafia/quick-xml/issues/970
    ├ Solution: Upgrade to >=0.41.0 (try `cargo update -p quick-xml`)
    ├ quick-xml v0.38.4
      └── citationberg v0.7.0
          └── hayagriva v0.10.1
              └── typst-library v0.15.1
                  ├── typst v0.15.1
                  │   └── scholium-typst v0.1.0
                  │       └── scholium-app v0.1.0
                  ├── typst-eval v0.15.1
                  │   └── typst v0.15.1 (*)
                  ├── typst-html v0.15.1
                  │   ├── typst v0.15.1 (*)
                  │   └── typst-realize v0.15.1
                  │       └── typst v0.15.1 (*)
                  ├── typst-kit v0.15.1
                  │   └── scholium-typst v0.1.0 (*)
                  ├── typst-layout v0.15.1
                  │   ├── scholium-typst v0.1.0 (*)
                  │   ├── typst v0.15.1 (*)
                  │   ├── typst-render v0.15.1
                  │   │   └── scholium-typst v0.1.0 (*)
                  │   └── typst-svg v0.15.1
                  │       └── typst-html v0.15.1 (*)
                  ├── typst-realize v0.15.1 (*)
                  ├── typst-render v0.15.1 (*)
                  └── typst-svg v0.15.1 (*)

error[unmaintained]: `rustybuzz` is unmaintained
    ┌─ /home/ation_ciger/Projects/Mogan/scholium/Cargo.lock:270:1
    │
270 │ rustybuzz 0.20.1 registry+https://github.com/rust-lang/crates.io-index
    │ ━━━━━━━━━━━━━━━━━━━━━━━━━━━━━━━━━━━━━━━━━━━━━━━━━━━━━━━━━━━━━━━━━━━━━━ unmaintained advisory detected
    │
    ├ ID: RUSTSEC-2026-0206
    ├ Advisory: https://rustsec.org/advisories/RUSTSEC-2026-0206
    ├ The current maintainer of `rustybuzz` has stated that the crate is unmaintained and will not receive further fixes or updates (see the referenced issue).

      ## Alternative(s)

      - [`harfrust`](https://github.com/harfbuzz/harfrust), an actively maintained and updated alternative which is part of the Harfbuzz project.
    ├ Announcement: https://github.com/harfbuzz/rustybuzz/issues/166
    ├ Solution: No safe upgrade is available!
    ├ rustybuzz v0.20.1
      ├── typst-layout v0.15.1
      │   ├── scholium-typst v0.1.0
      │   │   └── scholium-app v0.1.0
      │   ├── typst v0.15.1
      │   │   └── scholium-typst v0.1.0 (*)
      │   ├── typst-render v0.15.1
      │   │   └── scholium-typst v0.1.0 (*)
      │   └── typst-svg v0.15.1
      │       └── typst-html v0.15.1
      │           ├── typst v0.15.1 (*)
      │           └── typst-realize v0.15.1
      │               └── typst v0.15.1 (*)
      ├── typst-library v0.15.1
      │   ├── typst v0.15.1 (*)
      │   ├── typst-eval v0.15.1
      │   │   └── typst v0.15.1 (*)
      │   ├── typst-html v0.15.1 (*)
      │   ├── typst-kit v0.15.1
      │   │   └── scholium-typst v0.1.0 (*)
      │   ├── typst-layout v0.15.1 (*)
      │   ├── typst-realize v0.15.1 (*)
      │   ├── typst-render v0.15.1 (*)
      │   └── typst-svg v0.15.1 (*)
      └── usvg v0.47.0
          ├── resvg v0.47.0
          │   └── typst-render v0.15.1 (*)
          └── typst-library v0.15.1 (*)

error[unmaintained]: `ttf-parser` is unmaintained
    ┌─ /home/ation_ciger/Projects/Mogan/scholium/Cargo.lock:338:1
    │
338 │ ttf-parser 0.25.1 registry+https://github.com/rust-lang/crates.io-index
    │ ━━━━━━━━━━━━━━━━━━━━━━━━━━━━━━━━━━━━━━━━━━━━━━━━━━━━━━━━━━━━━━━━━━━━━━━ unmaintained advisory detected
    │
    ├ ID: RUSTSEC-2026-0192
    ├ Advisory: https://rustsec.org/advisories/RUSTSEC-2026-0192
    ├ The author of `ttf-parser` has stated that the crate is unmaintained and will not receive further fixes (see the referenced issue).

      ## Alternative(s)

      - [`skrifa`](https://crates.io/crates/skrifa), an actively maintained TrueType and OpenType font parsing crate, part of the Google Fonts "oxidize" (`fontations`) project.
    ├ Announcement: https://github.com/harfbuzz/ttf-parser/issues/217
    ├ Solution: No safe upgrade is available!
    ├ ttf-parser v0.25.1
      ├── fontdb v0.23.0
      │   ├── typst-kit v0.15.1
      │   │   └── scholium-typst v0.1.0
      │   │       └── scholium-app v0.1.0
      │   ├── typst-library v0.15.1
      │   │   ├── typst v0.15.1
      │   │   │   └── scholium-typst v0.1.0 (*)
      │   │   ├── typst-eval v0.15.1
      │   │   │   └── typst v0.15.1 (*)
      │   │   ├── typst-html v0.15.1
      │   │   │   ├── typst v0.15.1 (*)
      │   │   │   └── typst-realize v0.15.1
      │   │   │       └── typst v0.15.1 (*)
      │   │   ├── typst-kit v0.15.1 (*)
      │   │   ├── typst-layout v0.15.1
      │   │   │   ├── scholium-typst v0.1.0 (*)
      │   │   │   ├── typst v0.15.1 (*)
      │   │   │   ├── typst-render v0.15.1
      │   │   │   │   └── scholium-typst v0.1.0 (*)
      │   │   │   └── typst-svg v0.15.1
      │   │   │       └── typst-html v0.15.1 (*)
      │   │   ├── typst-realize v0.15.1 (*)
      │   │   ├── typst-render v0.15.1 (*)
      │   │   └── typst-svg v0.15.1 (*)
      │   └── usvg v0.47.0
      │       ├── resvg v0.47.0
      │       │   └── typst-render v0.15.1 (*)
      │       └── typst-library v0.15.1 (*)
      ├── pixglyph v0.6.1
      │   └── typst-render v0.15.1 (*)
      ├── rustybuzz v0.20.1
      │   ├── typst-layout v0.15.1 (*)
      │   ├── typst-library v0.15.1 (*)
      │   └── usvg v0.47.0 (*)
      ├── typst-layout v0.15.1 (*)
      ├── typst-library v0.15.1 (*)
      ├── typst-render v0.15.1 (*)
      ├── typst-svg v0.15.1 (*)
      └── usvg v0.47.0 (*)

error[unmaintained]: yaml-rust is unmaintained.
    ┌─ /home/ation_ciger/Projects/Mogan/scholium/Cargo.lock:415:1
    │
415 │ yaml-rust 0.4.5 registry+https://github.com/rust-lang/crates.io-index
    │ ━━━━━━━━━━━━━━━━━━━━━━━━━━━━━━━━━━━━━━━━━━━━━━━━━━━━━━━━━━━━━━━━━━━━━ unmaintained advisory detected
    │
    ├ ID: RUSTSEC-2024-0320
    ├ Advisory: https://rustsec.org/advisories/RUSTSEC-2024-0320
    ├ The maintainer seems [unreachable](https://github.com/chyh1990/yaml-rust/issues/197).

      Many issues and pull requests have been submitted over the years
      without any [response](https://github.com/chyh1990/yaml-rust/issues/160).

      ## Alternatives

      Consider switching to the actively maintained `yaml-rust2` fork of the original project:

      - [yaml-rust2](https://github.com/Ethiraric/yaml-rust2)
      - [yaml-rust2 @ crates.io](https://crates.io/crates/yaml-rust2)
    ├ Announcement: https://github.com/rustsec/advisory-db/issues/1921
    ├ Solution: No safe upgrade is available!
    ├ yaml-rust v0.4.5
      └── syntect v5.3.0
          ├── two-face v0.4.5
          │   └── typst-library v0.15.1
          │       ├── typst v0.15.1
          │       │   └── scholium-typst v0.1.0
          │       │       └── scholium-app v0.1.0
          │       ├── typst-eval v0.15.1
          │       │   └── typst v0.15.1 (*)
          │       ├── typst-html v0.15.1
          │       │   ├── typst v0.15.1 (*)
          │       │   └── typst-realize v0.15.1
          │       │       └── typst v0.15.1 (*)
          │       ├── typst-kit v0.15.1
          │       │   └── scholium-typst v0.1.0 (*)
          │       ├── typst-layout v0.15.1
          │       │   ├── scholium-typst v0.1.0 (*)
          │       │   ├── typst v0.15.1 (*)
          │       │   ├── typst-render v0.15.1
          │       │   │   └── scholium-typst v0.1.0 (*)
          │       │   └── typst-svg v0.15.1
          │       │       └── typst-html v0.15.1 (*)
          │       ├── typst-realize v0.15.1 (*)
          │       ├── typst-render v0.15.1 (*)
          │       └── typst-svg v0.15.1 (*)
          └── typst-library v0.15.1 (*)

advisories FAILED
