PASS 01-initial
PASS 02-new
PASS 03-chinese-english-space
PASS 04-empty-denominator
PASS 05-nested-fraction
PASS 06-undo-hole
PASS 07-redo
PASS 08-saved
PASS 09-reopened
PASS 10-continued
PASS 11-joined-emoji
PASS 12-joined-regional-indicators
PASS 13-unicode-reopened
PASS 14-whole-formula-selection
PASS 15-whole-formula-replaced
PASS 16-undo-restores-selection
PASS 17-reverse-drag
PASS 18-multiline-paste
PASS 19-cross-paragraph-shift-selection
PASS 20-range-replaced-and-continued
PASS 21-range-undo
PASS 22-range-redo
PASS 23-range-saved
PASS 24-range-reopened
X connection to :99 broken (explicit kill or server shutdown).
