warning[license-not-encountered]: license was not encountered
   ┌─ deny.toml:22:6
   │
22 │     "ISC",
   │      ━━━ unmatched license allowance

warning[license-not-encountered]: license was not encountered
   ┌─ deny.toml:32:6
   │
32 │     "OFL-1.1",
   │      ━━━━━━━ unmatched license allowance

warning[license-not-encountered]: license was not encountered
   ┌─ deny.toml:33:6
   │
33 │     "Ubuntu-font-1.0",
   │      ━━━━━━━━━━━━━━━ unmatched license allowance

warning[license-not-encountered]: license was not encountered
   ┌─ deny.toml:25:6
   │
25 │     "Unicode-DFS-2016",
   │      ━━━━━━━━━━━━━━━━ unmatched license allowance

bans ok, licenses ok, sources ok
